ARM Linker, 5.02 [Build 28] [MDK-ARM Standard]

==============================================================================

Section Cross References

    loados.o(.text) refers to mini2440.o(.text) for Mini2440::Mini2440()
    loados.o(.text) refers to weidaos.o(.text) for WeidaOS::WeidaOS(Board*)
    loados.o(.text.clean) refers to mini2440.o(.text) for Mini2440::~Mini2440()
    loados.o(.text.clean) refers to arm_exceptions_cleanup.o(.emb_text) for __cxa_end_cleanup
    loados.o(.ARM.exidx) refers to loados.o(.text) for .text
    loados.o(.ARM.exidx) refers to unwind_pr0.o(.text) for __aeabi_unwind_cpp_pr0
    loados.o(.ARM.exidx) refers to loados.o(.ARM.extab) for .extab.LoadOS
    loados.o(.ARM.exidx) refers to loados.o(.text.clean) for .text.clean
    loados.o(.ARM.extab) refers to loados.o(.text.clean) for .text.clean
    weidaos.o(.text) refers to arm_exceptions_alloc.o(.text) for __cxa_allocate_exception
    weidaos.o(.text) refers to arm_exceptions_throw.o(.text) for __cxa_throw
    weidaos.o(.text) refers to arm_exceptions_begincatch.o(.text) for __cxa_begin_catch
    weidaos.o(.text) refers to arm_exceptions_endcatch.o(.text) for __cxa_end_catch
    weidaos.o(.text) refers to task.o(.text) for Task::Task(unsigned char, int(*)(), unsigned)
    weidaos.o(.text) refers to createusertask.o(.text) for WeidaOS::CreateUserTask()
    weidaos.o(.text) refers to virtual_lcd.o(.text) for Virtual_LCD::Circle(int, int, int, int)
    weidaos.o(.text) refers to c89vsprintf.o(.text) for __c89vsprintf
    weidaos.o(.text) refers to startup.o(Reset) for __Restore
    weidaos.o(.text) refers to lib_rtti_prim.o(.constdata__ZTIi) for typeinfo for int
    weidaos.o(.text) refers to weidaos.o(.data) for WeidaOS::Cur_OS
    weidaos.o(.text) refers to virtual_task.o(.constdata) for Virtual_Task::MapTab
    weidaos.o(.text) refers to virtual_task.o(.data) for Virtual_Task::OSReadyGrp
    weidaos.o(.text) refers to virtual_task.o(.bss) for Virtual_Task::OSReadyTab
    weidaos.o(.text.clean) refers to task.o(.text) for Task::~Task()
    weidaos.o(.text.clean) refers to arm_exceptions_cleanup.o(.emb_text) for __cxa_end_cleanup
    weidaos.o(.ARM.exidx) refers to weidaos.o(.text) for .text
    weidaos.o(.ARM.exidx) refers to unwind_pr0.o(.text) for __aeabi_unwind_cpp_pr0
    weidaos.o(.ARM.exidx) refers to unwind_pr1.o(.text) for __aeabi_unwind_cpp_pr1
    weidaos.o(.ARM.exidx) refers to weidaos.o(.ARM.extab) for .extab._ZN7WeidaOSC1EP5Board
    weidaos.o(.ARM.exidx) refers to weidaos.o(.text.clean) for .text.clean
    weidaos.o(.ARM.extab) refers to weidaos.o(.text) for .text
    weidaos.o(.ARM.extab) refers to lib_rtti_prim.o(.constdata__ZTIi) for typeinfo for int
    weidaos.o(.ARM.extab) refers to weidaos.o(.text.clean) for .text.clean
    critical_res.o(.text) refers to startup.o(Reset) for WeidaOS_CPU_SR_Save
    critical_res.o(.text) refers to virtual_task.o(.text) for Virtual_Task::_Sched()
    critical_res.o(.text) refers to virtual_task.o(.data) for Virtual_Task::Cur_Prior
    critical_res.o(.text) refers to virtual_task.o(.bss) for Virtual_Task::TaskPriorTab
    critical_res.o(.ARM.exidx) refers to critical_res.o(.text) for .text
    critical_res.o(.ARM.exidx) refers to unwind_pr0.o(.text) for __aeabi_unwind_cpp_pr0
    board.o(.text) refers to board.o(.constdata__ZTV5Board) for vtable for Board
    board.o(.ARM.exidx) refers to board.o(.text) for .text
    board.o(.ARM.exidx) refers to unwind_pr0.o(.text) for __aeabi_unwind_cpp_pr0
    virtual_uart.o(.text) refers to virtual_uart.o(.constdata__ZTV12Virtual_Uart) for vtable for Virtual_Uart
    virtual_uart.o(.text) refers to virtual_uart.o(.data) for Virtual_Uart::num
    virtual_uart.o(.ARM.exidx) refers to virtual_uart.o(.text) for .text
    virtual_lcd.o(.text) refers to virtual_task.o(.text) for Virtual_Task::_Delay(unsigned)
    virtual_lcd.o(.text) refers to aeabi_sdiv.o(.text) for __aeabi_idivmod
    virtual_lcd.o(.text) refers to virtual_lcd.o(.constdata__ZTV11Virtual_LCD) for vtable for Virtual_LCD
    virtual_lcd.o(.text) refers to virtual_lcd.o(.data) for HZK16
    virtual_lcd.o(.ARM.exidx) refers to virtual_lcd.o(.text) for .text
    virtual_lcd.o(.ARM.exidx) refers to unwind_pr1.o(.text) for __aeabi_unwind_cpp_pr1
    virtual_lcd.o(.ARM.exidx) refers to unwind_pr0.o(.text) for __aeabi_unwind_cpp_pr0
    virtual_lcd.o(.ARM.exidx) refers to virtual_lcd.o(.ARM.extab) for .extab._ZN11Virtual_LCD10Show_Hzk16EjjPKhjj
    virtual_rtc.o(.text) refers to virtual_rtc.o(.constdata__ZTV11Virtual_RTC) for vtable for Virtual_RTC
    virtual_rtc.o(.ARM.exidx) refers to virtual_rtc.o(.text) for .text
    virtual_touchscreen.o(.ARM.exidx) refers to virtual_touchscreen.o(.text) for .text
    virtual_task.o(.text) refers to startup.o(Reset) for WeidaOS_CPU_SR_Save
    virtual_task.o(.text) refers to virtual_memory.o(.text) for Virtual_Memory::malloc(unsigned, unsigned char)
[...]
    Virtual_LCD::Show_Hzk16(unsigned, unsigned, const unsigned char*, unsigned, unsigned) 0x30000cbc   ARM Code     256  virtual_lcd.o(.text)
    Virtual_LCD::Circle(int, int, int, int)  0x30000dbc   ARM Code     360  virtual_lcd.o(.text)
    Virtual_LCD::Show_Str(int, int, unsigned char*, int, int) 0x30000f24   ARM Code     136  virtual_lcd.o(.text)
    Virtual_LCD::DrawLine(int, int, int, int, int) 0x30000fac   ARM Code     776  virtual_lcd.o(.text)
    Virtual_LCD::Circlefill(int, int, int, int) 0x300012b4   ARM Code     216  virtual_lcd.o(.text)
    Virtual_LCD::Clear(int)                  0x3000138c   ARM Code     128  virtual_lcd.o(.text)
    Virtual_LCD::Rect(int, int, int, int, int) 0x3000140c   ARM Code     252  virtual_lcd.o(.text)
    Virtual_LCD::FilledRectangle(int, int, int, int, int) 0x30001508   ARM Code     116  virtual_lcd.o(.text)
    Virtual_LCD::Paint_Bmp(int, int, int, int, const unsigned char*) 0x3000157c   ARM Code     164  virtual_lcd.o(.text)
    Virtual_LCD::LCD_Test()                  0x30001620   ARM Code     576  virtual_lcd.o(.text)
    Virtual_RTC::Virtual_RTC__sub_object()   0x30001874   ARM Code      12  virtual_rtc.o(.text)
    Virtual_RTC::~Virtual_RTC()              0x30001880   ARM Code       0  virtual_rtc.o(.text)
    Virtual_RTC::~Virtual_RTC__sub_object()  0x30001880   ARM Code       4  virtual_rtc.o(.text)
    Virtual_TouchScreen::Virtual_TouchScreen() 0x30001888   ARM Code       4  virtual_touchscreen.o(.text)
    Virtual_TouchScreen::Virtual_TouchScreen__sub_object() 0x30001888   ARM Code       0  virtual_touchscreen.o(.text)
    Virtual_TouchScreen::~Virtual_TouchScreen() 0x3000188c   ARM Code       4  virtual_touchscreen.o(.text)
    Virtual_TouchScreen::~Virtual_TouchScreen__sub_object() 0x3000188c   ARM Code       0  virtual_touchscreen.o(.text)
    Virtual_Task::_Add_Task(Virtual_Task*)   0x30001890   ARM Code     228  virtual_task.o(.text)
    Virtual_Task::Virtual_Task(unsigned char, int(*)(), unsigned) 0x30001974   ARM Code     288  virtual_task.o(.text)
    Virtual_Task::Virtual_Task__sub_object(unsigned char, int(*)(), unsigned) 0x30001974   ARM Code       0  virtual_task.o(.text)
    Virtual_Task::_Sched()                   0x30001a94   ARM Code     108  virtual_task.o(.text)
    Virtual_Task::DelTask()                  0x30001b00   ARM Code     380  virtual_task.o(.text)
    Virtual_Task::~Virtual_Task()            0x30001c7c   ARM Code      28  virtual_task.o(.text)
    Virtual_Task::~Virtual_Task__sub_object() 0x30001c7c   ARM Code       0  virtual_task.o(.text)
    Virtual_Task::_OS_Exec(unsigned char)    0x30001c98   ARM Code      68  virtual_task.o(.text)
    Virtual_Task::_Delay(unsigned)           0x30001cdc   ARM Code     236  virtual_task.o(.text)
    Virtual_Task::_Wait(unsigned char)       0x30001dc8   ARM Code     240  virtual_task.o(.text)
    Virtual_Task::_INT_TICK()                0x30001eb8   ARM Code     268  virtual_task.o(.text)
    Virtual_Memory::Con(MemBlock*, signed char) 0x30001fe4   ARM Code     192  virtual_memory.o(.text)
    Virtual_Memory::free(void*)              0x300020a4   ARM Code     380  virtual_memory.o(.text)
    Virtual_Memory::free_once(unsigned char) 0x30002220   ARM Code      88  virtual_memory.o(.text)
    Virtual_Memory::Virtual_Memory()         0x30002278   ARM Code      60  virtual_memory.o(.text)
    Virtual_Memory::Virtual_Memory__sub_object() 0x30002278   ARM Code       0  virtual_memory.o(.text)
    Virtual_Memory::~Virtual_Memory()        0x300022b4   ARM Code      16  virtual_memory.o(.text)
    Virtual_Memory::~Virtual_Memory__sub_object() 0x300022b4   ARM Code       0  virtual_memory.o(.text)
    Virtual_Memory::setowner(unsigned char)  0x300022c4   ARM Code      36  virtual_memory.o(.text)
    Virtual_Memory::malloc(unsigned, unsigned char) 0x300022e8   ARM Code     228  virtual_memory.o(.text)
    Virtual_Memory::free()                   0x300023cc   ARM Code      64  virtual_memory.o(.text)
    Virtual_Memory::Add(unsigned*, unsigned*) 0x3000240c   ARM Code     192  virtual_memory.o(.text)
    Inline Thumb to ARM Veneer to operator new(unsigned) 0x300024e9   Thumb Code     4  new.o(.text)
    operator new(unsigned)                   0x300024ec   ARM Code     172  new.o(.text)
    operator delete (void*)                  0x30002598   ARM Code     212  new.o(.text)
    Rand::random()                           0x30002678   ARM Code      32  math.o(.text)
    Rand::random(unsigned)                   0x30002698   ARM Code      44  math.o(.text)
    Rand::srandom(unsigned)                  0x300026c4   ARM Code       8  math.o(.text)
    Play_Snake()                             0x300026d0   ARM Code      24  createusertask.o(.text)
    Lighting()                               0x300026e8   ARM Code     164  createusertask.o(.text)
    Play_Music()                             0x3000278c   ARM Code      32  createusertask.o(.text)
    WeidaOS::CreateUserTask()                0x300027ac   ARM Code     112  createusertask.o(.text)
    Mini2440::Mini2440()                     0x30002824   ARM Code     108  mini2440.o(.text)
    Mini2440::Mini2440__sub_object()         0x30002824   ARM Code       0  mini2440.o(.text)
    Mini2440::~Mini2440()                    0x30002890   ARM Code     100  mini2440.o(.text)
    Mini2440::~Mini2440__sub_object()        0x30002890   ARM Code       0  mini2440.o(.text)
    Mini2440::SetDevices()                   0x300028f4   ARM Code      44  mini2440.o(.text)
    delay                                    0x30002924   ARM Code      52  startup_c.o(.text)
    C_Swi_Handle                             0x30002958   ARM Code     308  startup_c.o(.text)
    CopyRW_ZI                                0x30002a8c   ARM Code     152  startup_c.o(.text)
    MemInit                                  0x30002b24   ARM Code      44  startup_c.o(.text)
    UART::Init(int)                          0x30002b68   ARM Code     144  uart.o(.text)
    UART::UART(int)                          0x30002bf8   ARM Code      56  uart.o(.text)
    UART::UART__sub_object(int)              0x30002bf8   ARM Code       0  uart.o(.text)
    UART::Uart_Getc()                        0x30002c30   ARM Code     100  uart.o(.text)
    UART::Uart_Putc(unsigned char)           0x30002c94   ARM Code      92  uart.o(.text)
    UART::Uart_PutStr(char*)                 0x30002cf0   ARM Code     144  uart.o(.text)
    MMU_SetMTT                               0x30002d84   ARM Code      68  mmu.o(.text)
    MMU_Init                                 0x30002dc8   ARM Code     424  mmu.o(.text)
    ChangeRomCacheStatus                     0x30002f70   ARM Code     140  mmu.o(.text)
    LCD::Lcd_PowerEnable(int, int)           0x30003028   ARM Code      48  lcd.o(.text)
    LCD::LCD()                               0x30003058   ARM Code     436  lcd.o(.text)
    LCD::LCD__sub_object()                   0x30003058   ARM Code       0  lcd.o(.text)
    LCD::~LCD()                              0x3000320c   ARM Code      32  lcd.o(.text)
    LCD::~LCD__sub_object()                  0x3000320c   ARM Code       0  lcd.o(.text)
    LCD::PutPixel(int, int, int)             0x3000322c   ARM Code     140  lcd.o(.text)
    RTC::RTC()                               0x300032d4   ARM Code     124  rtc.o(.text)
    RTC::RTC__sub_object()                   0x300032d4   ARM Code       0  rtc.o(.text)
    RTC::~RTC()                              0x30003350   ARM Code      32  rtc.o(.text)
    RTC::~RTC__sub_object()                  0x30003350   ARM Code       0  rtc.o(.text)
    RTC::Set_Time(time_t&)                   0x30003370   ARM Code     104  rtc.o(.text)
    RTC::Get_Time(time_t&)                   0x300033d8   ARM Code     140  rtc.o(.text)
    TouchScreen::INT_ADC_S()                 0x30003470   ARM Code      96  touchscreen.o(.text)
    TouchScreen::INT_TC()                    0x300034d0   ARM Code     140  touchscreen.o(.text)
    TouchScreen::TouchSc_handle()            0x3000355c   ARM Code      76  touchscreen.o(.text)
    TouchScreen::TouchScreen()               0x300035a8   ARM Code     132  touchscreen.o(.text)
    TouchScreen::TouchScreen__sub_object()   0x300035a8   ARM Code       0  touchscreen.o(.text)
    TouchScreen::~TouchScreen()              0x3000362c   ARM Code      32  touchscreen.o(.text)
    TouchScreen::~TouchScreen__sub_object()  0x3000362c   ARM Code       0  touchscreen.o(.text)
    Task::Task(unsigned char, int(*)(), unsigned) 0x30003660   ARM Code     332  task.o(.text)
    Task::Task__sub_object(unsigned char, int(*)(), unsigned) 0x30003660   ARM Code       0  task.o(.text)
    Task::~Task()                            0x300037ac   ARM Code      32  task.o(.text)
    Task::~Task__sub_object()                0x300037ac   ARM Code       0  task.o(.text)
    Memory::Memory()                         0x300037d0   ARM Code      48  memory.o(.text)
    Memory::Memory__sub_object()             0x300037d0   ARM Code       0  memory.o(.text)
    PlayMusic(const unsigned char*, unsigned) 0x30003bec   ARM Code     376  iis.o(.text)
    key_handler()                            0x30003d6c   ARM Code     336  key_interup.o(.text)
    KEY_port_init()                          0x30003ebc   ARM Code     180  key_interup.o(.text)
    playsnake()                              0x300040d0   ARM Code    2032  snake.o(.text)
    pfscore()                                0x300048c0   ARM Code       4  snake.o(.text)
    Inline ARM to Thumb Veneer to __c89vsprintf 0x300048cc   ARM Code       8  c89vsprintf.o(.text)
    __c89vsprintf                            0x300048d5   Thumb Code    36  c89vsprintf.o(.text)
    Inline Thumb to ARM Veneer to __aeabi_idivmod 0x300048fd   Thumb Code     4  aeabi_sdiv.o(.text)
    __aeabi_idiv                             0x30004900   ARM Code       0  aeabi_sdiv.o(.text)
    __aeabi_idivmod                          0x30004900   ARM Code     384  aeabi_sdiv.o(.text)
    __aeabi_unwind_cpp_pr0                   0x30004a81   Thumb Code    14  unwind_pr0.o(.text)
    __aeabi_unwind_cpp_pr1                   0x30004a8f   Thumb Code    14  unwind_pr1.o(.text)
    Inline ARM to Thumb Veneer to __cxa_allocate_exception 0x30004a9c   ARM Code       8  arm_exceptions_alloc.o(.text)
    __cxa_allocate_exception                 0x30004aa5   Thumb Code    80  arm_exceptions_alloc.o(.text)
    Inline ARM to Thumb Veneer to __cxa_begin_catch 0x30004b00   ARM Code       8  arm_exceptions_begincatch.o(.text)
    __cxa_begin_catch                        0x30004b09   Thumb Code    80  arm_exceptions_begincatch.o(.text)
    __cxa_call_unexpected                    0x30004b59   Thumb Code   216  arm_exceptions_callunex.o(.text)
    __cxa_begin_cleanup                      0x30004c39   Thumb Code    60  arm_exceptions_cleanup.o(.text)
    __ARM_cxa_end_cleanup                    0x30004c75   Thumb Code    74  arm_exceptions_cleanup.o(.text)
    Inline ARM to Thumb Veneer to __cxa_end_catch 0x30004cc0   ARM Code       8  arm_exceptions_endcatch.o(.text)
    __cxa_end_catch                          0x30004cc9   Thumb Code    78  arm_exceptions_endcatch.o(.text)
    Inline ARM to Thumb Veneer to __cxa_throw 0x30004d18   ARM Code       8  arm_exceptions_throw.o(.text)
    __cxa_throw                              0x30004d69   Thumb Code    54  arm_exceptions_throw.o(.text)
    __cxa_type_match                         0x30004d9f   Thumb Code   284  arm_exceptions_throw.o(.text)
    malloc                                   0x30004ed1   Thumb Code   110  h1_alloc.o(.text)
    _printf_pre_padding                      0x30004f3f   Thumb Code    50  _printf_pad.o(.text)
    _printf_post_padding                     0x30004f71   Thumb Code    36  _printf_pad.o(.text)
    _printf_truncate_signed                  0x30004f95   Thumb Code    22  _printf_truncate.o(.text)
    _printf_truncate_unsigned                0x30004fab   Thumb Code    22  _printf_truncate.o(.text)
    _printf_str                              0x30004fc1   Thumb Code    88  _printf_str.o(.text)
    Inline ARM to Thumb Veneer to _printf_int_dec 0x30005018   ARM Code       8  _printf_dec.o(.text)
    _printf_int_dec                          0x30005021   Thumb Code    94  _printf_dec.o(.text)
    Inline ARM to Thumb Veneer to _printf_charcount 0x30005090   ARM Code       8  _printf_charcount.o(.text)
    _printf_charcount                        0x30005099   Thumb Code    40  _printf_charcount.o(.text)
    _printf_char_common                      0x300050cb   Thumb Code    34  _printf_char_common.o(.text)
    _sputc                                   0x300050f1   Thumb Code    10  _sputc.o(.text)
    _printf_wctomb                           0x300050fd   Thumb Code   188  _printf_wctomb.o(.text)
    Inline ARM to Thumb Veneer to _printf_longlong_dec 0x300051bc   ARM Code       8  _printf_longlong_dec.o(.text)
    _printf_longlong_dec                     0x300051c5   Thumb Code    98  _printf_longlong_dec.o(.text)
    Inline ARM to Thumb Veneer to _printf_int_oct 0x30005238   ARM Code       8  _printf_oct_int_ll.o(.text)
    _printf_longlong_oct                     0x30005241   Thumb Code    72  _printf_oct_int_ll.o(.text)
    _printf_int_oct                          0x30005289   Thumb Code    28  _printf_oct_int_ll.o(.text)
    _printf_ll_oct                           0x300052a5   Thumb Code    10  _printf_oct_int_ll.o(.text)
    Inline ARM to Thumb Veneer to _printf_hex_ptr 0x300052b8   ARM Code       8  _printf_hex_int_ll_ptr.o(.text)
    _printf_longlong_hex                     0x300052c1   Thumb Code    92  _printf_hex_int_ll_ptr.o(.text)
    _printf_int_hex                          0x3000531d   Thumb Code    32  _printf_hex_int_ll_ptr.o(.text)
    _printf_ll_hex                           0x3000533d   Thumb Code    10  _printf_hex_int_ll_ptr.o(.text)
    _printf_hex_ptr                          0x30005347   Thumb Code    22  _printf_hex_int_ll_ptr.o(.text)
    __printf                                 0x30005361   Thumb Code   408  __printf_flags_ss_wp.o(.text)
    __rt_SIGPVFN                             0x300054fd   Thumb Code    16  defsig_pvfn_outer.o(.text)
    _Unwind_VRS_Set                          0x3000550d   Thumb Code    52  unwinder.o(.text)
    _Unwind_VRS_Get                          0x30005541   Thumb Code    50  unwinder.o(.text)
    _Unwind_VRS_Pop                          0x30005573   Thumb Code   270  unwinder.o(.text)
    __ARM_unwind_next_frame                  0x3000576f   Thumb Code    50  unwinder.o(.text)
    __ARM_Unwind_RaiseException              0x300057a1   Thumb Code   216  unwinder.o(.text)
    __ARM_Unwind_Resume                      0x30005879   Thumb Code    46  unwinder.o(.text)
    _Unwind_Complete                         0x300058a7   Thumb Code    74  unwinder.o(.text)
    _Unwind_DeleteException                  0x30005909   Thumb Code    14  unwind_delete.o(.text)
    __ARM_unwind_cpp_prcommon                0x3000594f   Thumb Code  1502  unwind_prcommon.o(.text)
    __cxa_bad_typeid                         0x30005f3d   Thumb Code    38  arm_exceptions_bad_typeid.o(.text)
    __ARM::call_terminate_handler(_Unwind_Control_Block*) 0x30005f6d   Thumb Code    48  arm_exceptions_callterm.o(.text)
    __cxa_call_terminate                     0x30005f9d   Thumb Code    22  arm_exceptions_callterm.o(.text)
    __ARM::get_foreign_intermediary(__cxa_exception*, _Unwind_Control_Block*) 0x30005fb3   Thumb Code    64  arm_exceptions_foreign.o(.text)
    __cxa_free_exception                     0x30005ff3   Thumb Code    34  arm_exceptions_free.o(.text)
    __cxa_get_globals                        0x30006019   Thumb Code    70  arm_exceptions_globs.o(.text)
    __ARM_exceptions_buffer_init             0x3000606d   Thumb Code    22  arm_exceptions_mem.o(.text)
    __ARM_exceptions_buffer_allocate         0x30006083   Thumb Code    26  arm_exceptions_mem.o(.text)
    __ARM_exceptions_buffer_free             0x3000609d   Thumb Code    22  arm_exceptions_mem.o(.text)
    __cxa_rethrow                            0x300060b3   Thumb Code    80  arm_exceptions_rethrow.o(.text)
    __ARM::same_exceptions_class(const void*, const void*) 0x30006105   Thumb Code    24  arm_exceptions_support.o(.text)
    __ARM::is_foreign_exception(_Unwind_Control_Block*) 0x3000611d   Thumb Code    18  arm_exceptions_support.o(.text)
    std::terminate()                         0x30006135   Thumb Code    32  arm_exceptions_terminate.o(.text)
    std::unexpected()                        0x30006155   Thumb Code    32  arm_exceptions_unexpected.o(.text)
    __ARM::default_unexpected_handler()      0x30006175   Thumb Code    12  arm_exceptions_unexpected.o(.text)
    Inline Thumb to ARM Veneer to __rt_heap_descriptor 0x30006181   Thumb Code     4  rt_heap_descriptor.o(.text)
    __rt_heap_descriptor                     0x30006184   ARM Code      12  rt_heap_descriptor.o(.text)
    Inline Thumb to ARM Veneer to __rt_eh_globals_addr 0x30006191   Thumb Code     4  rt_eh_globals_addr.o(.text)
    __rt_eh_globals_addr                     0x30006194   ARM Code      12  rt_eh_globals_addr.o(.text)
    __use_no_heap                            0x300061a1   Thumb Code     2  hguard.o(.text)
    __heap$guard                             0x300061a3   Thumb Code     2  hguard.o(.text)
    _terminate_user_alloc                    0x300061a5   Thumb Code     2  init_alloc.o(.text)
    _init_user_alloc                         0x300061a7   Thumb Code     2  init_alloc.o(.text)
    __Heap_Full                              0x300061a9   Thumb Code    36  init_alloc.o(.text)
    __Heap_Broken                            0x300061cd   Thumb Code    14  init_alloc.o(.text)
    _init_alloc                              0x300061db   Thumb Code    94  init_alloc.o(.text)
    __Heap_Initialize                        0x30006239   Thumb Code    10  h1_init.o(.text)
    __Heap_DescSize                          0x30006243   Thumb Code     4  h1_init.o(.text)
    free                                     0x30006247   Thumb Code    84  h1_free.o(.text)
    Inline Thumb to ARM Veneer to _ll_udiv10 0x3000629d   Thumb Code     4  lludiv10.o(.text)
    _ll_udiv10                               0x300062a0   ARM Code     160  lludiv10.o(.text)
    _printf_int_common                       0x30006341   Thumb Code   186  _printf_intcommon.o(.text)
    __lib_sel_fp_printf                      0x300063fd   Thumb Code     2  _printf_fp_dec.o(.text)
    _printf_fp_dec_real                      0x3000659d   Thumb Code   626  _printf_fp_dec.o(.text)
    Inline ARM to Thumb Veneer to _printf_char 0x3000681c   ARM Code       8  _printf_char.o(.text)
    _printf_cs_common                        0x30006825   Thumb Code    26  _printf_char.o(.text)
    _printf_char                             0x3000683f   Thumb Code    16  _printf_char.o(.text)
    _printf_string                           0x3000684f   Thumb Code     8  _printf_char.o(.text)
    Inline ARM to Thumb Veneer to _printf_wchar 0x30006858   ARM Code       8  _printf_wchar.o(.text)
    _printf_lcs_common                       0x30006861   Thumb Code    26  _printf_wchar.o(.text)
    _printf_wchar                            0x3000687b   Thumb Code    16  _printf_wchar.o(.text)
    _printf_wstring                          0x3000688b   Thumb Code     8  _printf_wchar.o(.text)
    _wcrtomb                                 0x30006893   Thumb Code    74  _wcrtomb.o(.text)
    abort                                    0x300068dd   Thumb Code    16  abort.o(.text)
    bsearch                                  0x300068ed   Thumb Code    86  bsearch.o(.text)
    __sig_exit                               0x30006943   Thumb Code    16  defsig_exit.o(.text)
    __rt_SIGPVFN_inner                       0x30006955   Thumb Code    18  defsig_pvfn_inner.o(.text)
    Inline Thumb to ARM Veneer to __aeabi_memcpy4 0x30006989   Thumb Code     4  rt_memcpy_w.o(.text)
    __aeabi_memcpy4                          0x3000698c   ARM Code       0  rt_memcpy_w.o(.text)
    __aeabi_memcpy8                          0x3000698c   ARM Code       0  rt_memcpy_w.o(.text)
    __rt_memcpy_w                            0x3000698c   ARM Code     100  rt_memcpy_w.o(.text)
    _memcpy_lastbytes_aligned                0x300069d8   ARM Code       0  rt_memcpy_w.o(.text)
    Inline Thumb to ARM Veneer to __rt_udiv10 0x300069f1   Thumb Code     4  rtudiv10.o(.text)
    __rt_udiv10                              0x300069f4   ARM Code      44  rtudiv10.o(.text)
    _sys_exit                                0x30006a21   Thumb Code     8  sys_exit.o(.text)
    Inline Thumb to ARM Veneer to __rt_ctype_table 0x30006a2d   Thumb Code     4  rt_ctype_table.o(.text)
    __rt_ctype_table                         0x30006a30   ARM Code      24  rt_ctype_table.o(.text)
    Inline Thumb to ARM Veneer to __rt_locale 0x30006a49   Thumb Code     4  rt_locale.o(.text)
    __rt_locale                              0x30006a4c   ARM Code      12  rt_locale.o(.text)
    __Heap_ProvideMemory                     0x30006a59   Thumb Code    56  h1_extend.o(.text)
    _printf_fp_infnan                        0x30006a91   Thumb Code   128  _printf_fp_infnan.o(.text)
    _btod_etento                             0x30006b21   Thumb Code   210  bigflt0.o(.text)
    __default_signal_display                 0x30006bf9   Thumb Code    56  defsig_general.o(.text)
    __rt_SIGABRT                             0x30006c31   Thumb Code    16  defsig_abrt_outer.o(.text)
    __rt_SIGRTMEM                            0x30006c41   Thumb Code    16  defsig_rtmem_outer.o(.text)
    __rt_heap_escrow                         0x30006c51   Thumb Code    24  heapauxa.o(.text)
    __rt_heap_expand                         0x30006c69   Thumb Code    54  heapauxa.o(.text)
    _ttywrch                                 0x30006ca5   Thumb Code    16  sys_wrch.o(.text)
    __I$use$semihosting                      0x30006cb4   ARM Code       0  use_no_semi.o(.text)
    __use_no_semihosting_swi                 0x30006cb4   ARM Code       4  use_no_semi.o(.text)
    __rt_SIGABRT_inner                       0x30006cb9   Thumb Code    18  defsig_abrt_inner.o(.text)
    __semihosting_library_function           0x30006cb8   ARM Code       0  indicate_semi.o(.text)
    __rt_SIGRTMEM_inner                      0x30006ced   Thumb Code    26  defsig_rtmem_inner.o(.text)
    strcmp                                   0x30006d40   ARM Code     156  strcmp.o(.text)
    __aeabi_uidiv                            0x30006ed8   ARM Code       0  aeabi_sdiv.o(.text_udiv)
    __aeabi_uidivmod                         0x30006ed8   ARM Code      36  aeabi_sdiv.o(.text_udiv)
    EnterCritical                            0x30006efc   ARM Code       0  2440slib.o(C$$code)
    ExitCritical                             0x30006f10   ARM Code       0  2440slib.o(C$$code)
    SET_IF                                   0x30006f1c   ARM Code       0  2440slib.o(C$$code)
    WR_IF                                    0x30006f30   ARM Code       0  2440slib.o(C$$code)
    CLR_IF                                   0x30006f38   ARM Code       0  2440slib.o(C$$code)
    outportw                                 0x30006f48   ARM Code       4  2440slib.o(C$$code)
    inportw                                  0x30006f50   ARM Code       4  2440slib.o(C$$code)
    MMU_EnableICache                         0x30006f58   ARM Code       0  2440slib.o(C$$code)
    MMU_DisableICache                        0x30006f68   ARM Code       0  2440slib.o(C$$code)
    MMU_EnableDCache                         0x30006f78   ARM Code       0  2440slib.o(C$$code)
    MMU_DisableDCache                        0x30006f88   ARM Code       0  2440slib.o(C$$code)
    MMU_EnableAlignFault                     0x30006f98   ARM Code       0  2440slib.o(C$$code)
    MMU_DisableAlignFault                    0x30006fa8   ARM Code       0  2440slib.o(C$$code)
    MMU_EnableMMU                            0x30006fb8   ARM Code       0  2440slib.o(C$$code)
    MMU_DisableMMU                           0x30006fc8   ARM Code       0  2440slib.o(C$$code)
    MMU_SetFastBusMode                       0x30006fd8   ARM Code       0  2440slib.o(C$$code)
    MMU_SetAsyncBusMode                      0x30006fe8   ARM Code       0  2440slib.o(C$$code)
    MMU_SetTTBase                            0x30006ff8   ARM Code       0  2440slib.o(C$$code)
    MMU_SetDomain                            0x30007000   ARM Code       0  2440slib.o(C$$code)
    MMU_InvalidateIDCache                    0x30007008   ARM Code       0  2440slib.o(C$$code)
    MMU_InvalidateICache                     0x30007010   ARM Code       0  2440slib.o(C$$code)
    MMU_InvalidateICacheMVA                  0x30007018   ARM Code       0  2440slib.o(C$$code)
    MMU_PrefetchICacheMVA                    0x30007020   ARM Code       0  2440slib.o(C$$code)
    MMU_InvalidateDCache                     0x30007028   ARM Code       0  2440slib.o(C$$code)
    MMU_InvalidateDCacheMVA                  0x30007030   ARM Code       0  2440slib.o(C$$code)
    MMU_CleanDCacheMVA                       0x30007038   ARM Code       0  2440slib.o(C$$code)
    MMU_CleanInvalidateDCacheMVA             0x30007040   ARM Code       0  2440slib.o(C$$code)
    MMU_CleanDCacheIndex                     0x30007048   ARM Code       0  2440slib.o(C$$code)
    MMU_CleanInvalidateDCacheIndex           0x30007050   ARM Code       0  2440slib.o(C$$code)
    MMU_WaitForInterrupt                     0x30007058   ARM Code       0  2440slib.o(C$$code)
    MMU_InvalidateTLB                        0x30007060   ARM Code       0  2440slib.o(C$$code)
    MMU_InvalidateITLB                       0x30007068   ARM Code       0  2440slib.o(C$$code)
    MMU_InvalidateITLBMVA                    0x30007070   ARM Code       0  2440slib.o(C$$code)
    MMU_InvalidateDTLB                       0x30007078   ARM Code       0  2440slib.o(C$$code)
    MMU_InvalidateDTLBMVA                    0x30007080   ARM Code       0  2440slib.o(C$$code)
    MMU_SetDCacheLockdownBase                0x30007088   ARM Code       0  2440slib.o(C$$code)
    MMU_SetICacheLockdownBase                0x30007090   ARM Code       0  2440slib.o(C$$code)
    MMU_SetDTLBLockdown                      0x30007098   ARM Code       0  2440slib.o(C$$code)
    MMU_SetITLBLockdown                      0x300070a0   ARM Code       0  2440slib.o(C$$code)
    MMU_SetProcessId                         0x300070a8   ARM Code       0  2440slib.o(C$$code)
    Inline Thumb to ARM Veneer to _btod_d2e  0x300070b1   Thumb Code     4  btod.o(CL$$btod_d2e)
    _btod_d2e                                0x300070b4   ARM Code      56  btod.o(CL$$btod_d2e)
    _d2e_denorm_low                          0x300070ec   ARM Code      84  btod.o(CL$$btod_d2e_denorm_low)
    _d2e_norm_op1                            0x30007140   ARM Code     104  btod.o(CL$$btod_d2e_norm_op1)
    __btod_div_common                        0x300071a8   ARM Code     716  btod.o(CL$$btod_div_common)
    _e2e                                     0x300074f4   ARM Code     220  btod.o(CL$$btod_e2e)
    Inline Thumb to ARM Veneer to _btod_ediv 0x300075d1   Thumb Code     4  btod.o(CL$$btod_ediv)
    _btod_ediv                               0x300075d4   ARM Code      52  btod.o(CL$$btod_ediv)
    Inline Thumb to ARM Veneer to _btod_emul 0x30007609   Thumb Code     4  btod.o(CL$$btod_emul)
    _btod_emul                               0x3000760c   ARM Code      52  btod.o(CL$$btod_emul)
    __btod_mult_common                       0x30007640   ARM Code     616  btod.o(CL$$btod_mult_common)
    Long ARM to Thumb Veneer to _printf_int_hex 0x300078a8   ARM Code      12  anon$$obj.o(Veneer$$Code)
    Long ARM to Thumb Veneer to _printf_ll_oct 0x300078b4   ARM Code      12  anon$$obj.o(Veneer$$Code)
    Long ARM to Thumb Veneer to _printf_ll_hex 0x300078c0   ARM Code      12  anon$$obj.o(Veneer$$Code)
    Long ARM to Thumb Veneer to _printf_string 0x300078cc   ARM Code      12  anon$$obj.o(Veneer$$Code)
    Long ARM to Thumb Veneer to _printf_wstring 0x300078d8   ARM Code      12  anon$$obj.o(Veneer$$Code)
    Short Thumb to ARM Veneer to operator delete (void*) 0x300078e5   Thumb Code     8  anon$$obj.o(Veneer$$Code)
    Long ARM to Thumb Veneer to _printf_fp_dec_real 0x300078ec   ARM Code      12  anon$$obj.o(Veneer$$Code)
    UART::~UART()                            0x30007cd8   ARM Code      28  mini2440.o(i._ZN4UARTD1Ev)
    UART::~UART__sub_object()                0x30007cd8   ARM Code       0  mini2440.o(i._ZN4UARTD1Ev)
    Memory::~Memory()                        0x30007cf4   ARM Code      28  mini2440.o(i._ZN6MemoryD1Ev)
    Memory::~Memory__sub_object()            0x30007cf4   ARM Code       0  mini2440.o(i._ZN6MemoryD1Ev)
    std::type_info::operator ==(const std::type_info&) const 0x30007d11   Thumb Code    36  type_info_eq.o(i._ZNKSt9type_infoeqERKS_)
    std::type_info::operator !=(const std::type_info&) const 0x30007d35   Thumb Code    36  type_info_ne.o(i._ZNKSt9type_infoneERKS_)
    std::bad_typeid::bad_typeid(const std::bad_typeid&) 0x30007d59   Thumb Code    16  bad_typeid.o(i._ZNSt10bad_typeidC1ERKS_)
    std::bad_typeid::bad_typeid__sub_object(const std::bad_typeid&) 0x30007d59   Thumb Code     0  bad_typeid.o(i._ZNSt10bad_typeidC1ERKS_)
    std::bad_typeid::bad_typeid()            0x30007d6d   Thumb Code    16  bad_typeid.o(i._ZNSt10bad_typeidC1Ev)
    std::bad_typeid::bad_typeid__sub_object() 0x30007d6d   Thumb Code     0  bad_typeid.o(i._ZNSt10bad_typeidC1Ev)
    std::bad_typeid::~bad_typeid__deallocating() 0x30007d81   Thumb Code    16  bad_typeid.o(i._ZNSt10bad_typeidD0Ev)
    std::bad_typeid::~bad_typeid()           0x30007d91   Thumb Code    12  bad_typeid.o(i._ZNSt10bad_typeidD1Ev)
    std::bad_typeid::~bad_typeid__sub_object() 0x30007d91   Thumb Code     0  bad_typeid.o(i._ZNSt10bad_typeidD1Ev)
    std::bad_exception::bad_exception(const std::bad_exception&) 0x30007d9d   Thumb Code    16  bad_exception_cctor.o(i._ZNSt13bad_exceptionC1ERKS_)
    std::bad_exception::bad_exception__sub_object(const std::bad_exception&) 0x30007d9d   Thumb Code     0  bad_exception_cctor.o(i._ZNSt13bad_exceptionC1ERKS_)
    std::bad_exception::bad_exception()      0x30007db1   Thumb Code    16  bad_exception_ctor.o(i._ZNSt13bad_exceptionC1Ev)
    std::bad_exception::bad_exception__sub_object() 0x30007db1   Thumb Code     0  bad_exception_ctor.o(i._ZNSt13bad_exceptionC1Ev)
    std::bad_exception::~bad_exception__deallocating() 0x30007dc5   Thumb Code    16  bad_exception_dtor.o(i._ZNSt13bad_exceptionD0Ev)
    std::bad_exception::~bad_exception()     0x30007dd5   Thumb Code    12  bad_exception_dtor.o(i._ZNSt13bad_exceptionD1Ev)
    std::bad_exception::~bad_exception__sub_object() 0x30007dd5   Thumb Code     0  bad_exception_dtor.o(i._ZNSt13bad_exceptionD1Ev)
    std::exception::exception(const std::exception&) 0x30007de1   Thumb Code     6  exception_cctor.o(i._ZNSt9exceptionC1ERKS_)
    std::exception::exception__sub_object(const std::exception&) 0x30007de1   Thumb Code     0  exception_cctor.o(i._ZNSt9exceptionC1ERKS_)
    std::exception::exception()              0x30007ded   Thumb Code     6  exception_ctor.o(i._ZNSt9exceptionC1Ev)
    std::exception::exception__sub_object()  0x30007ded   Thumb Code     0  exception_ctor.o(i._ZNSt9exceptionC1Ev)
    Inline ARM to Thumb Veneer to operator new[] (unsigned) 0x30007df8   ARM Code       8  array_new.o(i._Znaj)
    operator new[] (unsigned)                0x30007e01   Thumb Code    12  array_new.o(i._Znaj)
    __ARM_common_call_via_r0                 0x30007e0d   Thumb Code     2  arm_exceptions_terminate.o(i.__ARM_common_call_via_r0)
    __ARM_common_call_via_r1                 0x30007e0f   Thumb Code     2  arm_exceptions_throw.o(i.__ARM_common_call_via_r1)
    __ARM_common_call_via_r2                 0x30007e11   Thumb Code     2  bsearch.o(i.__ARM_common_call_via_r2)
    __ARM_common_call_via_r3                 0x30007e13   Thumb Code     2  _wcrtomb.o(i.__ARM_common_call_via_r3)
    __ARM_common_call_via_r4                 0x30007e15   Thumb Code     2  rtti.o(i.__ARM_common_call_via_r4)
    __ARM_common_get_typeid                  0x30007e17   Thumb Code    42  arm_exceptions_throw.o(i.__ARM_common_get_typeid)
    Inline Thumb to ARM Veneer to __ARM_fpclassify 0x30007e41   Thumb Code     4  fpclassify.o(i.__ARM_fpclassify)
    __ARM_fpclassify                         0x30007e44   ARM Code      48  fpclassify.o(i.__ARM_fpclassify)
    __cxa_pure_virtual                       0x30007e75   Thumb Code    14  pure_virt.o(i.__cxa_pure_virtual)
    __derived_to_base_conversion             0x30007e85   Thumb Code   110  rtti.o(i.__derived_to_base_conversion)
    __dynamic_cast                           0x30007ef9   Thumb Code   156  rtti.o(i.__dynamic_cast)
    _is_digit                                0x30007f9d   Thumb Code    14  __printf_wp.o(i._is_digit)
    _get_lc_numeric                          0x30007fac   ARM Code      80  lc_numeric_c.o(locale$$code)
    _get_lc_ctype                            0x30007ffc   ARM Code      80  lc_ctype_c.o(locale$$code)
    Inline Thumb to ARM Veneer to __ieee_status 0x3000804d   Thumb Code     4  istatus.o(x$fpl$ieeestatus)
    __ieee_status                            0x30008050   ARM Code       8  istatus.o(x$fpl$ieeestatus)
    _printf_fp_dec                           0x30008058   ARM Code       4  printf1.o(x$fpl$printf1)
    __I$use$fp                               0x3000805c   Number         0  usenofp.o(x$fpl$usenofp)
    Virtual_Task::MapTab                     0x30008238   Data       65536  virtual_task.o(.constdata)
    typeinfo for __cxxabiv1::__class_type_info 0x30053ab0   Data          12  lib_rtti_impl.o(.constdata__ZTIN10__cxxabiv117__class_type_infoE)
    typeinfo for __cxxabiv1::__pbase_type_info 0x30053abc   Data          12  lib_rtti_impl.o(.constdata__ZTIN10__cxxabiv117__pbase_type_infoE)
    typeinfo for __cxxabiv1::__pointer_type_info 0x30053ac8   Data          12  lib_rtti_impl.o(.constdata__ZTIN10__cxxabiv119__pointer_type_infoE)
    typeinfo for __cxxabiv1::__si_class_type_info 0x30053ad4   Data          12  lib_rtti_impl.o(.constdata__ZTIN10__cxxabiv120__si_class_type_infoE)
    typeinfo for __cxxabiv1::__vmi_class_type_info 0x30053ae0   Data          12  lib_rtti_impl.o(.constdata__ZTIN10__cxxabiv121__vmi_class_type_infoE)
    typeinfo for __cxxabiv1::__fundamental_type_info 0x30053aec   Data          12  lib_rtti_impl.o(.constdata__ZTIN10__cxxabiv123__fundamental_type_infoE)
    typeinfo for const char*                 0x30053af8   Data          16  lib_rtti_prim.o(.constdata__ZTIPKc)
    typeinfo for std::bad_typeid             0x30053b08   Data          12  bad_typeid.o(.constdata__ZTISt10bad_typeid)
    typeinfo for std::bad_exception          0x30053b14   Data          12  bad_exception_dtor.o(.constdata__ZTISt13bad_exception)
    typeinfo for std::bad_alloc              0x30053b20   Data          12  bad_alloc_dtor.o(.constdata__ZTISt9bad_alloc)
    typeinfo for std::exception              0x30053b2c   Data           8  exception_dtor.o(.constdata__ZTISt9exception)
    typeinfo for std::type_info              0x30053b34   Data           8  type_info_dtor.o(.constdata__ZTISt9type_info)
    typeinfo for char                        0x30053b3c   Data           8  lib_rtti_prim.o(.constdata__ZTIc)
    typeinfo for int                         0x30053b44   Data           8  lib_rtti_prim.o(.constdata__ZTIi)
    typeinfo for void                        0x30053b4c   Data           8  arm_exceptions_throw.o(.constdata__ZTIv)
    typeinfo name for __cxxabiv1::__class_type_info 0x30053b54   Data          34  lib_rtti_impl.o(.constdata__ZTSN10__cxxabiv117__class_type_infoE)
    typeinfo name for __cxxabiv1::__pbase_type_info 0x30053b76   Data          34  lib_rtti_impl.o(.constdata__ZTSN10__cxxabiv117__pbase_type_infoE)
    typeinfo name for __cxxabiv1::__pointer_type_info 0x30053b98   Data          36  lib_rtti_impl.o(.constdata__ZTSN10__cxxabiv119__pointer_type_infoE)
    typeinfo name for __cxxabiv1::__si_class_type_info 0x30053bbc   Data          37  lib_rtti_impl.o(.constdata__ZTSN10__cxxabiv120__si_class_type_infoE)
    typeinfo name for __cxxabiv1::__vmi_class_type_info 0x30053be1   Data          38  lib_rtti_impl.o(.constdata__ZTSN10__cxxabiv121__vmi_class_type_infoE)
    typeinfo name for __cxxabiv1::__fundamental_type_info 0x30053c07   Data          40  lib_rtti_impl.o(.constdata__ZTSN10__cxxabiv123__fundamental_type_infoE)
    typeinfo name for const char*            0x30053c2f   Data           4  lib_rtti_prim.o(.constdata__ZTSPKc)
    typeinfo name for std::bad_typeid        0x30053c33   Data          15  bad_typeid.o(.constdata__ZTSSt10bad_typeid)
    typeinfo name for std::bad_exception     0x30053c42   Data          18  bad_exception_dtor.o(.constdata__ZTSSt13bad_exception)
    typeinfo name for std::bad_alloc         0x30053c54   Data          13  bad_alloc_dtor.o(.constdata__ZTSSt9bad_alloc)
    typeinfo name for std::exception         0x30053c61   Data          13  exception_dtor.o(.constdata__ZTSSt9exception)
    typeinfo name for std::type_info         0x30053c6e   Data          13  type_info_dtor.o(.constdata__ZTSSt9type_info)
    typeinfo name for char                   0x30053c7b   Data           2  lib_rtti_prim.o(.constdata__ZTSc)
    typeinfo name for int                    0x30053c7d   Data           2  lib_rtti_prim.o(.constdata__ZTSi)
    typeinfo name for void                   0x30053c7f   Data           2  arm_exceptions_throw.o(.constdata__ZTSv)
    vtable for Virtual_LCD                   0x30053c84   Data          16  virtual_lcd.o(.constdata__ZTV11Virtual_LCD)
    vtable for Virtual_RTC                   0x30053c94   Data          16  virtual_rtc.o(.constdata__ZTV11Virtual_RTC)
    vtable for Virtual_Uart                  0x30053ca4   Data          20  virtual_uart.o(.constdata__ZTV12Virtual_Uart)
    vtable for LCD                           0x30053cb8   Data          16  lcd.o(.constdata__ZTV3LCD)
    vtable for RTC                           0x30053cc8   Data          16  rtc.o(.constdata__ZTV3RTC)
    vtable for UART                          0x30053cd8   Data          20  uart.o(.constdata__ZTV4UART)
    vtable for Board                         0x30053cec   Data          12  board.o(.constdata__ZTV5Board)
    vtable for Mini2440                      0x30053cf8   Data          12  mini2440.o(.constdata__ZTV8Mini2440)
    vtable for __cxxabiv1::__class_type_info 0x30053d04   Data          16  lib_rtti_impl.o(.constdata__ZTVN10__cxxabiv117__class_type_infoE)
    vtable for __cxxabiv1::__pointer_type_info 0x30053d14   Data          16  lib_rtti_impl.o(.constdata__ZTVN10__cxxabiv119__pointer_type_infoE)
    vtable for __cxxabiv1::__si_class_type_info 0x30053d24   Data          16  lib_rtti_impl.o(.constdata__ZTVN10__cxxabiv120__si_class_type_infoE)
    vtable for __cxxabiv1::__fundamental_type_info 0x30053d34   Data          16  lib_rtti_impl.o(.constdata__ZTVN10__cxxabiv123__fundamental_type_infoE)
    vtable for std::bad_typeid               0x30053d44   Data          20  bad_typeid.o(.constdata__ZTVSt10bad_typeid)
    vtable for std::bad_exception            0x30053d58   Data          20  bad_exception_dtor.o(.constdata__ZTVSt13bad_exception)
    vtable for std::exception                0x30053d6c   Data          20  exception_dtor.o(.constdata__ZTVSt9exception)
    __ctype                                  0x30053da9   Data           0  lc_ctype_c.o(locale$$data)
    SHT$$ARM_EXIDX$$Base                     0x30053eac   Number         0  arm_exceptions_cleanup.o(.ARM.exidx)
    Image$$ExecutableAddress$$RO$$Limit      0x3005414c   Number         0  rtti.o(.ARM.exidx)
    Image$$ReadWriteAddress$$RW$$Base        0x3005414c   Number         0  weidaos.o(.data)
    SHT$$ARM_EXIDX$$Limit                    0x3005414c   Number         0  rtti.o(.ARM.exidx)
    WeidaOS::Cur_OS                          0x3005414c   Data           4  weidaos.o(.data)
    WeidaOS::Run                             0x30054150   Data           1  weidaos.o(.data)
    Virtual_Uart::num                        0x30054154   Data           4  virtual_uart.o(.data)
    HZK16                                    0x30054158   Data           4  virtual_lcd.o(.data)
    Virtual_Task::Cur_Prior                  0x30054160   Data           1  virtual_task.o(.data)
    Virtual_Task::Task_Head                  0x30054164   Data           4  virtual_task.o(.data)
    Virtual_Task::OSReadyGrp                 0x30054168   Data           2  virtual_task.o(.data)
    TouchScreen::State                       0x3005416a   Data           1  touchscreen.o(.data)
    key                                      0x300541c4   Data           4  snake.o(.data)
    gamespeed                                0x300541c8   Data           4  snake.o(.data)
    score                                    0x300541cc   Data           4  snake.o(.data)
    x                                        0x300541d0   Data           4  snake.o(.data)
    y                                        0x300541d4   Data           4  snake.o(.data)
    HandleEINT0                              0x300541dc   Data           4  startup.o(Data)
    Image$$ReadWriteAddress$$RW$$Limit       0x3005425c   Number         0  startup.o(Data)
    Image$$ZeroInit$$ZI$$Base                0x3005425c   Number         0  virtual_task.o(.bss)
    Virtual_Task::TaskPriorTab               0x3005425c   Data        1024  virtual_task.o(.bss)
    Virtual_Task::OSReadyTab                 0x3005465c   Data          32  virtual_task.o(.bss)
    TouchScreen::Position                    0x3005467c   Data          16  touchscreen.o(.bss)
    snake                                    0x300546a4   Data        2412  snake.o(.bss)
    food                                     0x30055010   Data          12  snake.o(.bss)
    Image$$ZeroInit$$ZI$$Limit               0x30055038   Number         0  rt_locale.o(.bss)



==============================================================================

Memory Map of the image

  Image Entry point : 0x30000000

  Load Region LoadAddress (Base: 0x30000000, Size: 0x0005425c, Max: 0xffffffff, ABSOLUTE)

    Execution Region ExecutableAddress (Base: 0x30000000, Size: 0x0005414c, Max: 0xffffffff, ABSOLUTE)

    Base Addr    Size         Type   Attr      Idx    E Section Name        Object

    0x30000000   0x00000200   Code   RO          317  * Reset               startup.o
    0x30000200   0x00000004   Ven    RO          984    .ARM.Collect$$_printf_percent$$00000000  c_t.l(_printf_percent.o)
    0x30000204   0x00000000   Code   RO          984    .ARM.Collect$$_printf_percent$$00000000  c_t.l(_printf_percent.o)
    0x30000204   0x00000008   Code   RO          973    .ARM.Collect$$_printf_percent$$00000001  c_t.l(_printf_n.o)
    0x3000020c   0x00000008   Code   RO          975    .ARM.Collect$$_printf_percent$$00000002  c_t.l(_printf_p.o)
    0x30000214   0x00000008   Code   RO          980    .ARM.Collect$$_printf_percent$$00000003  c_t.l(_printf_f.o)
    0x3000021c   0x00000008   Code   RO          981    .ARM.Collect$$_printf_percent$$00000004  c_t.l(_printf_e.o)
    0x30000224   0x00000008   Code   RO          982    .ARM.Collect$$_printf_percent$$00000005  c_t.l(_printf_g.o)
    0x3000022c   0x00000008   Code   RO          983    .ARM.Collect$$_printf_percent$$00000006  c_t.l(_printf_a.o)
    0x30000234   0x0000000c   Code   RO          988    .ARM.Collect$$_printf_percent$$00000007  c_t.l(_printf_ll.o)
    0x30000240   0x00000008   Code   RO          977    .ARM.Collect$$_printf_percent$$00000008  c_t.l(_printf_i.o)
    0x30000248   0x00000008   Code   RO          978    .ARM.Collect$$_printf_percent$$00000009  c_t.l(_printf_d.o)
    0x30000250   0x00000008   Code   RO          979    .ARM.Collect$$_printf_percent$$0000000A  c_t.l(_printf_u.o)
    0x30000258   0x00000008   Code   RO          976    .ARM.Collect$$_printf_percent$$0000000B  c_t.l(_printf_o.o)
    0x30000260   0x00000008   Code   RO          974    .ARM.Collect$$_printf_percent$$0000000C  c_t.l(_printf_x.o)
    0x30000268   0x00000008   Code   RO          985    .ARM.Collect$$_printf_percent$$0000000D  c_t.l(_printf_lli.o)
    0x30000270   0x00000008   Code   RO          986    .ARM.Collect$$_printf_percent$$0000000E  c_t.l(_printf_lld.o)
    0x30000278   0x00000008   Code   RO          987    .ARM.Collect$$_printf_percent$$0000000F  c_t.l(_printf_llu.o)
    0x30000280   0x00000008   Code   RO          992    .ARM.Collect$$_printf_percent$$00000010  c_t.l(_printf_llo.o)
    0x30000288   0x00000008   Code   RO          993    .ARM.Collect$$_printf_percent$$00000011  c_t.l(_printf_llx.o)
    0x30000290   0x0000000c   Code   RO          989    .ARM.Collect$$_printf_percent$$00000012  c_t.l(_printf_l.o)
    0x3000029c   0x00000008   Code   RO          971    .ARM.Collect$$_printf_percent$$00000013  c_t.l(_printf_c.o)
    0x300002a4   0x00000008   Code   RO          972    .ARM.Collect$$_printf_percent$$00000014  c_t.l(_printf_s.o)
    0x300002ac   0x00000008   Code   RO          990    .ARM.Collect$$_printf_percent$$00000015  c_t.l(_printf_lc.o)
    0x300002b4   0x00000008   Code   RO          991    .ARM.Collect$$_printf_percent$$00000016  c_t.l(_printf_ls.o)
    0x300002bc   0x00000008   Code   RO         1176    .ARM.Collect$$_printf_percent$$00000017  c_t.l(_printf_percent_end.o)
    0x300002c4   0x00000000   Code   RO         1203    .ARM.Collect$$libinit$$00000008  c_t.l(libinit2.o)
    0x300002c4   0x00000000   Code   RO         1212    .ARM.Collect$$libinit$$00000011  c_t.l(libinit2.o)
    0x300002c4   0x00000000   Code   RO         1216    .ARM.Collect$$libinit$$00000015  c_t.l(libinit2.o)
    0x300002c4   0x00000008   Ven    RO          596    .emb_text           cpprt_t.l(arm_exceptions_cleanup.o)
    0x300002cc   0x00000020   Code   RO          596    .emb_text           cpprt_t.l(arm_exceptions_cleanup.o)
    0x300002ec   0x000000f0   Code   RO          998    .emb_text           c_t.l(unwinder.o)
    0x300003dc   0x00000004   Code   RO         1007    .emb_text           c_t.l(unwind_activity.o)
    0x300003e0   0x00000000   Code   RO         1295    .emb_text           c_t.l(maybetermalloc1.o)
    0x300003e0   0x00000038   Code   RO            1    .text               loados.o
    0x30000418   0x0000053c   Code   RO           99    .text               weidaos.o
    0x30000954   0x00000248   Code   RO          118    .text               critical_res.o
    0x30000b9c   0x00000070   Code   RO          130    .text               board.o
    0x30000c0c   0x00000088   Code   RO          150    .text               virtual_uart.o
    0x30000c94   0x00000be0   Code   RO          180    .text               virtual_lcd.o
    0x30001874   0x00000014   Code   RO          201    .text               virtual_rtc.o
    0x30001888   0x00000008   Code   RO          217    .text               virtual_touchscreen.o
    0x30001890   0x00000754   Code   RO          229    .text               virtual_task.o
    0x30001fe4   0x00000504   Code   RO          248    .text               virtual_memory.o
    0x300024e8   0x00000004   Ven    RO          266    .text               new.o
    0x300024ec   0x0000018c   Code   RO          266    .text               new.o
    0x30002678   0x00000058   Code   RO          281    .text               math.o
    0x300026d0   0x00000154   Code   RO          296    .text               createusertask.o
    0x30002824   0x00000100   Code   RO          322    .text               mini2440.o
    0x30002924   0x00000244   Code   RO          351    .text               startup_c.o
    0x30002b68   0x0000021c   Code   RO          366    .text               uart.o
    0x30002d84   0x000002a4   Code   RO          393    .text               mmu.o
    0x30003028   0x000002ac   Code   RO          411    .text               lcd.o
    0x300032d4   0x0000019c   Code   RO          430    .text               rtc.o
    0x30003470   0x000001f0   Code   RO          449    .text               touchscreen.o
    0x30003660   0x00000170   Code   RO          465    .text               task.o
    0x300037d0   0x00000034   Code   RO          477    .text               memory.o
    0x30003804   0x00000568   Code   RO          492    .text               iis.o
    0x30003d6c   0x00000364   Code   RO          508    .text               key_interup.o
    0x300040d0   0x000007fc   Code   RO          532    .text               snake.o
    0x300048cc   0x00000008   Ven    RO          555    .text               c_t.l(c89vsprintf.o)
    0x300048d4   0x00000028   Code   RO          555    .text               c_t.l(c89vsprintf.o)
    0x300048fc   0x00000004   Ven    RO          557    .text               c_t.l(aeabi_sdiv.o)
    0x30004900   0x00000180   Code   RO          557    .text               c_t.l(aeabi_sdiv.o)
    0x30004a80   0x0000000e   Code   RO          573    .text               c_t.l(unwind_pr0.o)
    0x30004a8e   0x0000000e   Code   RO          575    .text               c_t.l(unwind_pr1.o)
    0x30004a9c   0x00000008   Ven    RO          584    .text               cpprt_t.l(arm_exceptions_alloc.o)
    0x30004aa4   0x0000005c   Code   RO          584    .text               cpprt_t.l(arm_exceptions_alloc.o)
    0x30004b00   0x00000008   Ven    RO          587    .text               cpprt_t.l(arm_exceptions_begincatch.o)
    0x30004b08   0x00000050   Code   RO          587    .text               cpprt_t.l(arm_exceptions_begincatch.o)
    0x30004b58   0x000000e0   Code   RO          590    .text               cpprt_t.l(arm_exceptions_callunex.o)
    0x30004c38   0x00000086   Code   RO          598    .text               cpprt_t.l(arm_exceptions_cleanup.o)
    0x30004cbe   0x00000002   PAD
    0x30004cc0   0x00000008   Ven    RO          602    .text               cpprt_t.l(arm_exceptions_endcatch.o)
    0x30004cc8   0x0000004e   Code   RO          602    .text               cpprt_t.l(arm_exceptions_endcatch.o)
    0x30004d16   0x00000002   PAD
    0x30004d18   0x00000008   Ven    RO          605    .text               cpprt_t.l(arm_exceptions_throw.o)
    0x30004d20   0x000001b0   Code   RO          605    .text               cpprt_t.l(arm_exceptions_throw.o)
    0x30004ed0   0x0000006e   Code   RO          840    .text               c_t.l(h1_alloc.o)
    0x30004f3e   0x00000056   Code   RO          902    .text               c_t.l(_printf_pad.o)
    0x30004f94   0x0000002c   Code   RO          904    .text               c_t.l(_printf_truncate.o)
    0x30004fc0   0x00000058   Code   RO          906    .text               c_t.l(_printf_str.o)
    0x30005018   0x00000008   Ven    RO          908    .text               c_t.l(_printf_dec.o)
    0x30005020   0x00000070   Code   RO          908    .text               c_t.l(_printf_dec.o)
    0x30005090   0x00000008   Ven    RO          910    .text               c_t.l(_printf_charcount.o)
    0x30005098   0x00000028   Code   RO          910    .text               c_t.l(_printf_charcount.o)
    0x300050c0   0x00000030   Code   RO          912    .text               c_t.l(_printf_char_common.o)
    0x300050f0   0x0000000a   Code   RO          914    .text               c_t.l(_sputc.o)
    0x300050fa   0x00000002   PAD
    0x300050fc   0x000000c0   Code   RO          916    .text               c_t.l(_printf_wctomb.o)
    0x300051bc   0x00000008   Ven    RO          922    .text               c_t.l(_printf_longlong_dec.o)
    0x300051c4   0x00000074   Code   RO          922    .text               c_t.l(_printf_longlong_dec.o)
    0x30005238   0x00000008   Ven    RO          928    .text               c_t.l(_printf_oct_int_ll.o)
    0x30005240   0x00000078   Code   RO          928    .text               c_t.l(_printf_oct_int_ll.o)
    0x300052b8   0x00000008   Ven    RO          948    .text               c_t.l(_printf_hex_int_ll_ptr.o)
    0x300052c0   0x000000a0   Code   RO          948    .text               c_t.l(_printf_hex_int_ll_ptr.o)
    0x30005360   0x0000019c   Code   RO          968    .text               c_t.l(__printf_flags_ss_wp.o)
    0x300054fc   0x00000010   Code   RO          994    .text               c_t.l(defsig_pvfn_outer.o)
    0x3000550c   0x000003fc   Code   RO          999    .text               c_t.l(unwinder.o)
    0x30005908   0x0000000e   Code   RO         1004    .text               c_t.l(unwind_delete.o)
    0x30005916   0x00000002   PAD
    0x30005918   0x00000624   Code   RO         1009    .text               c_t.l(unwind_prcommon.o)
    0x30005f3c   0x00000030   Code   RO         1039    .text               cpprt_t.l(arm_exceptions_bad_typeid.o)
    0x30005f6c   0x00000046   Code   RO         1042    .text               cpprt_t.l(arm_exceptions_callterm.o)
    0x30005fb2   0x00000040   Code   RO         1045    .text               cpprt_t.l(arm_exceptions_foreign.o)
    0x30005ff2   0x00000022   Code   RO         1048    .text               cpprt_t.l(arm_exceptions_free.o)
    0x30006014   0x00000058   Code   RO         1051    .text               cpprt_t.l(arm_exceptions_globs.o)
    0x3000606c   0x00000046   Code   RO         1054    .text               cpprt_t.l(arm_exceptions_mem.o)
    0x300060b2   0x00000050   Code   RO         1057    .text               cpprt_t.l(arm_exceptions_rethrow.o)
    0x30006102   0x00000002   PAD
    0x30006104   0x00000030   Code   RO         1060    .text               cpprt_t.l(arm_exceptions_support.o)
    0x30006134   0x00000020   Code   RO         1064    .text               cpprt_t.l(arm_exceptions_terminate.o)
    0x30006154   0x0000002c   Code   RO         1070    .text               cpprt_t.l(arm_exceptions_unexpected.o)
    0x30006180   0x00000004   Ven    RO         1126    .text               c_t.l(rt_heap_descriptor.o)
    0x30006184   0x0000000c   Code   RO         1126    .text               c_t.l(rt_heap_descriptor.o)
    0x30006190   0x00000004   Ven    RO         1131    .text               c_t.l(rt_eh_globals_addr.o)
    0x30006194   0x0000000c   Code   RO         1131    .text               c_t.l(rt_eh_globals_addr.o)
    0x300061a0   0x00000004   Code   RO         1136    .text               c_t.l(hguard.o)
    0x300061a4   0x00000094   Code   RO         1138    .text               c_t.l(init_alloc.o)
    0x30006238   0x0000000e   Code   RO         1144    .text               c_t.l(h1_init.o)
    0x30006246   0x00000054   Code   RO         1146    .text               c_t.l(h1_free.o)
    0x3000629a   0x00000002   PAD
    0x3000629c   0x00000004   Ven    RO         1162    .text               c_t.l(lludiv10.o)
    0x300062a0   0x000000a0   Code   RO         1162    .text               c_t.l(lludiv10.o)
    0x30006340   0x000000ba   Code   RO         1164    .text               c_t.l(_printf_intcommon.o)
    0x300063fa   0x00000002   PAD
    0x300063fc   0x00000420   Code   RO         1166    .text               c_t.l(_printf_fp_dec.o)
    0x3000681c   0x00000008   Ven    RO         1172    .text               c_t.l(_printf_char.o)
    0x30006824   0x00000032   Code   RO         1172    .text               c_t.l(_printf_char.o)
    0x30006856   0x00000002   PAD
    0x30006858   0x00000008   Ven    RO         1174    .text               c_t.l(_printf_wchar.o)
    0x30006860   0x00000032   Code   RO         1174    .text               c_t.l(_printf_wchar.o)
    0x30006892   0x0000004a   Code   RO         1177    .text               c_t.l(_wcrtomb.o)
    0x300068dc   0x00000010   Code   RO         1181    .text               c_t.l(abort.o)
    0x300068ec   0x00000056   Code   RO         1183    .text               c_t.l(bsearch.o)
    0x30006942   0x00000010   Code   RO         1189    .text               c_t.l(defsig_exit.o)
    0x30006952   0x00000002   PAD
    0x30006954   0x00000034   Code   RO         1191    .text               c_t.l(defsig_pvfn_inner.o)
    0x30006988   0x00000004   Ven    RO         1193    .text               c_t.l(rt_memcpy_w.o)
    0x3000698c   0x00000064   Code   RO         1193    .text               c_t.l(rt_memcpy_w.o)
    0x300069f0   0x00000004   Ven    RO         1195    .text               c_t.l(rtudiv10.o)
    0x300069f4   0x0000002c   Code   RO         1195    .text               c_t.l(rtudiv10.o)
    0x30006a20   0x0000000c   Code   RO         1281    .text               c_t.l(sys_exit.o)
    0x30006a2c   0x00000004   Ven    RO         1286    .text               c_t.l(rt_ctype_table.o)
    0x30006a30   0x00000018   Code   RO         1286    .text               c_t.l(rt_ctype_table.o)
    0x30006a48   0x00000004   Ven    RO         1288    .text               c_t.l(rt_locale.o)
    0x30006a4c   0x0000000c   Code   RO         1288    .text               c_t.l(rt_locale.o)
    0x30006a58   0x00000038   Code   RO         1297    .text               c_t.l(h1_extend.o)
    0x30006a90   0x00000090   Code   RO         1301    .text               c_t.l(_printf_fp_infnan.o)
    0x30006b20   0x000000d8   Code   RO         1303    .text               c_t.l(bigflt0.o)
    0x30006bf8   0x00000038   Code   RO         1336    .text               c_t.l(defsig_general.o)
    0x30006c30   0x00000010   Code   RO         1338    .text               c_t.l(defsig_abrt_outer.o)
    0x30006c40   0x00000010   Code   RO         1346    .text               c_t.l(defsig_rtmem_outer.o)
    0x30006c50   0x00000054   Code   RO         1350    .text               c_t.l(heapauxa.o)
    0x30006ca4   0x00000010   Code   RO         1367    .text               c_t.l(sys_wrch.o)
    0x30006cb4   0x00000004   Code   RO         1369    .text               c_t.l(use_no_semi.o)
    0x30006cb8   0x00000000   Code   RO         1371    .text               c_t.l(indicate_semi.o)
    0x30006cb8   0x00000034   Code   RO         1389    .text               c_t.l(defsig_abrt_inner.o)
    0x30006cec   0x00000054   Code   RO         1393    .text               c_t.l(defsig_rtmem_inner.o)
    0x30006d40   0x000000a0   Code   RO         1397    .text               c_t.l(strcmp.o)
    0x30006de0   0x0000000c   Code   RO            2    .text.clean         loados.o
    0x30006dec   0x00000014   Code   RO          100    .text.clean         weidaos.o
    0x30006e00   0x0000001c   Code   RO          297    .text.clean         createusertask.o
    0x30006e1c   0x00000084   Code   RO          323    .text.clean         mini2440.o
    0x30006ea0   0x0000000c   Code   RO          367    .text.clean         uart.o
    0x30006eac   0x0000000c   Code   RO          412    .text.clean         lcd.o
    0x30006eb8   0x0000000c   Code   RO          478    .text.clean         memory.o
    0x30006ec4   0x0000000c   Code   RO          591    .text.clean         cpprt_t.l(arm_exceptions_callunex.o)
    0x30006ed0   0x00000008   Code   RO          606    .text.clean         cpprt_t.l(arm_exceptions_throw.o)
    0x30006ed8   0x00000024   Code   RO          558    .text_udiv          c_t.l(aeabi_sdiv.o)
    0x30006efc   0x000001b4   Code   RO          390    C$$code             2440slib.o
    0x300070b0   0x00000004   Ven    RO         1306    CL$$btod_d2e        c_t.l(btod.o)
    0x300070b4   0x00000038   Code   RO         1306    CL$$btod_d2e        c_t.l(btod.o)
    0x300070ec   0x00000054   Code   RO         1308    CL$$btod_d2e_denorm_low  c_t.l(btod.o)
    0x30007140   0x00000068   Code   RO         1307    CL$$btod_d2e_norm_op1  c_t.l(btod.o)
    0x300071a8   0x0000034c   Code   RO         1316    CL$$btod_div_common  c_t.l(btod.o)
    0x300074f4   0x000000dc   Code   RO         1313    CL$$btod_e2e        c_t.l(btod.o)
    0x300075d0   0x00000004   Ven    RO         1310    CL$$btod_ediv       c_t.l(btod.o)
    0x300075d4   0x00000034   Code   RO         1310    CL$$btod_ediv       c_t.l(btod.o)
    0x30007608   0x00000004   Ven    RO         1309    CL$$btod_emul       c_t.l(btod.o)
    0x3000760c   0x00000034   Code   RO         1309    CL$$btod_emul       c_t.l(btod.o)
    0x30007640   0x00000268   Code   RO         1315    CL$$btod_mult_common  c_t.l(btod.o)
    0x300078a8   0x0000000c   Ven    RO         1491    Veneer$$Code        anon$$obj.o
    0x300078b4   0x0000000c   Ven    RO         1492    Veneer$$Code        anon$$obj.o
    0x300078c0   0x0000000c   Ven    RO         1493    Veneer$$Code        anon$$obj.o
    0x300078cc   0x0000000c   Ven    RO         1494    Veneer$$Code        anon$$obj.o
    0x300078d8   0x0000000c   Ven    RO         1495    Veneer$$Code        anon$$obj.o
    0x300078e4   0x00000008   Ven    RO         1496    Veneer$$Code        anon$$obj.o
    0x300078ec   0x0000000c   Ven    RO         1497    Veneer$$Code        anon$$obj.o
    0x300078f8   0x0000004a   Code   RO         1011    i._Z12tbc_downcastPvPKSt9type_infoP28a_base_class_traversal_blockPN10__cxxabiv122__base_class_type_infoE  cpprt_t.l(rtti.o)
    0x30007942   0x0000001a   Code   RO         1012    i._Z17tbc_post_downcastPvPKSt9type_infoP28a_base_class_traversal_blockPN10__cxxabiv122__base_class_type_infoE  cpprt_t.l(rtti.o)
    0x3000795c   0x000000b0   Code   RO         1013    i._Z21traverse_base_classesPvPKSt9type_infoP28a_base_class_traversal_blockPN10__cxxabiv122__base_class_type_infoE  cpprt_t.l(rtti.o)
    0x30007a0c   0x000000cc   Code   RO         1014    i._Z23find_base_class_at_addrPvS_PKSt9type_infoS2_Pi  cpprt_t.l(rtti.o)
    0x30007ad8   0x00000200   Code   RO         1015    i._Z28derived_to_base_conversion_rPvPS_PKSt9type_infoS3_jPiiPS3_P19a_result_virtualityS4_  cpprt_t.l(rtti.o)
    0x30007cd8   0x0000001c   Code   RO          336    i._ZN4UARTD1Ev      mini2440.o
    0x30007cf4   0x0000001c   Code   RO          339    i._ZN6MemoryD1Ev    mini2440.o
    0x30007d10   0x00000024   Code   RO         1112    i._ZNKSt9type_infoeqERKS_  cpprt_t.l(type_info_eq.o)
    0x30007d34   0x00000024   Code   RO         1115    i._ZNKSt9type_infoneERKS_  cpprt_t.l(type_info_ne.o)
    0x30007d58   0x00000014   Code   RO         1246    i._ZNSt10bad_typeidC1ERKS_  cpprt_t.l(bad_typeid.o)
    0x30007d6c   0x00000014   Code   RO         1247    i._ZNSt10bad_typeidC1Ev  cpprt_t.l(bad_typeid.o)
    0x30007d80   0x00000010   Code   RO         1248    i._ZNSt10bad_typeidD0Ev  cpprt_t.l(bad_typeid.o)
    0x30007d90   0x0000000c   Code   RO         1249    i._ZNSt10bad_typeidD1Ev  cpprt_t.l(bad_typeid.o)
    0x30007d9c   0x00000014   Code   RO         1076    i._ZNSt13bad_exceptionC1ERKS_  cpprt_t.l(bad_exception_cctor.o)
    0x30007db0   0x00000014   Code   RO         1079    i._ZNSt13bad_exceptionC1Ev  cpprt_t.l(bad_exception_ctor.o)
    0x30007dc4   0x00000010   Code   RO         1082    i._ZNSt13bad_exceptionD0Ev  cpprt_t.l(bad_exception_dtor.o)
    0x30007dd4   0x0000000c   Code   RO         1083    i._ZNSt13bad_exceptionD1Ev  cpprt_t.l(bad_exception_dtor.o)
    0x30007de0   0x0000000c   Code   RO         1267    i._ZNSt9exceptionC1ERKS_  cpprt_t.l(exception_cctor.o)
    0x30007dec   0x0000000c   Code   RO         1270    i._ZNSt9exceptionC1Ev  cpprt_t.l(exception_ctor.o)
    0x30007df8   0x00000008   Ven    RO          577    i._Znaj             cpprt_t.l(array_new.o)
    0x30007e00   0x0000000c   Code   RO          577    i._Znaj             cpprt_t.l(array_new.o)
    0x30007e0c   0x00000002   Code   RO         1067    i.__ARM_common_call_via_r0  cpprt_t.l(arm_exceptions_terminate.o)
    0x30007e0e   0x00000002   Code   RO          618    i.__ARM_common_call_via_r1  cpprt_t.l(arm_exceptions_throw.o)
    0x30007e10   0x00000002   Code   RO         1186    i.__ARM_common_call_via_r2  c_t.l(bsearch.o)
    0x30007e12   0x00000002   Code   RO         1179    i.__ARM_common_call_via_r3  c_t.l(_wcrtomb.o)
    0x30007e14   0x00000002   Code   RO         1036    i.__ARM_common_call_via_r4  cpprt_t.l(rtti.o)
    0x30007e16   0x0000002a   Code   RO          615    i.__ARM_common_get_typeid  cpprt_t.l(arm_exceptions_throw.o)
    0x30007e40   0x00000004   Ven    RO         1365    i.__ARM_fpclassify  m_ts.l(fpclassify.o)
    0x30007e44   0x00000030   Code   RO         1365    i.__ARM_fpclassify  m_ts.l(fpclassify.o)
    0x30007e74   0x0000000e   Code   RO          581    i.__cxa_pure_virtual  cpprt_t.l(pure_virt.o)
    0x30007e82   0x00000002   PAD
    0x30007e84   0x00000074   Code   RO         1016    i.__derived_to_base_conversion  cpprt_t.l(rtti.o)
    0x30007ef8   0x000000a4   Code   RO         1017    i.__dynamic_cast    cpprt_t.l(rtti.o)
    0x30007f9c   0x0000000e   Code   RO          961    i._is_digit         c_t.l(__printf_wp.o)
    0x30007faa   0x00000002   PAD
    0x30007fac   0x00000050   Code   RO         1329    locale$$code        c_t.l(lc_numeric_c.o)
    0x30007ffc   0x00000050   Code   RO         1384    locale$$code        c_t.l(lc_ctype_c.o)
    0x3000804c   0x00000004   Ven    RO         1362    x$fpl$ieeestatus    fz_ts.l(istatus.o)
    0x30008050   0x00000008   Code   RO         1362    x$fpl$ieeestatus    fz_ts.l(istatus.o)
    0x30008058   0x00000004   Code   RO         1118    x$fpl$printf1       fz_ts.l(printf1.o)
    0x3000805c   0x00000000   Code   RO         1364    x$fpl$usenofp       fz_ts.l(usenofp.o)
    0x3000805c   0x00000010   Data   RO            5    .ARM.extab          loados.o
    0x3000806c   0x00000028   Data   RO          103    .ARM.extab          weidaos.o
    0x30008094   0x0000003c   Data   RO          182    .ARM.extab          virtual_lcd.o
    0x300080d0   0x00000014   Data   RO          252    .ARM.extab          virtual_memory.o
    0x300080e4   0x00000024   Data   RO          268    .ARM.extab          new.o
    0x30008108   0x00000030   Data   RO          300    .ARM.extab          createusertask.o
    0x30008138   0x00000068   Data   RO          326    .ARM.extab          mini2440.o
    0x300081a0   0x00000010   Data   RO          370    .ARM.extab          uart.o
    0x300081b0   0x00000010   Data   RO          415    .ARM.extab          lcd.o
    0x300081c0   0x00000010   Data   RO          481    .ARM.extab          memory.o
    0x300081d0   0x00000014   Data   RO          579    .ARM.extab          cpprt_t.l(array_new.o)
    0x300081e4   0x00000038   Data   RO          594    .ARM.extab          cpprt_t.l(arm_exceptions_callunex.o)
    0x3000821c   0x0000001c   Data   RO          609    .ARM.extab          cpprt_t.l(arm_exceptions_throw.o)
    0x30008238   0x00010000   Data   RO          232    .constdata          virtual_task.o
    0x30018238   0x0003b760   Data   RO          301    .constdata          createusertask.o
    0x30053998   0x00000034   Data   RO          353    .constdata          startup_c.o
    0x300539cc   0x00000008   Data   RO          917    .constdata          c_t.l(_printf_wctomb.o)
    0x300539d4   0x00000028   Data   RO          949    .constdata          c_t.l(_printf_hex_int_ll_ptr.o)
    0x300539fc   0x00000011   Data   RO          969    .constdata          c_t.l(__printf_flags_ss_wp.o)
    0x30053a0d   0x00000003   PAD
    0x30053a10   0x0000000c   Data   RO         1062    .constdata          cpprt_t.l(arm_exceptions_support.o)
    0x30053a1c   0x00000094   Data   RO         1304    .constdata          c_t.l(bigflt0.o)
    0x30053ab0   0x0000000c   Data   RO          715    .constdata__ZTIN10__cxxabiv117__class_type_infoE  cpprt_t.l(lib_rtti_impl.o)
    0x30053abc   0x0000000c   Data   RO          718    .constdata__ZTIN10__cxxabiv117__pbase_type_infoE  cpprt_t.l(lib_rtti_impl.o)
    0x30053ac8   0x0000000c   Data   RO          719    .constdata__ZTIN10__cxxabiv119__pointer_type_infoE  cpprt_t.l(lib_rtti_impl.o)
    0x30053ad4   0x0000000c   Data   RO          716    .constdata__ZTIN10__cxxabiv120__si_class_type_infoE  cpprt_t.l(lib_rtti_impl.o)
    0x30053ae0   0x0000000c   Data   RO          717    .constdata__ZTIN10__cxxabiv121__vmi_class_type_infoE  cpprt_t.l(lib_rtti_impl.o)
    0x30053aec   0x0000000c   Data   RO          711    .constdata__ZTIN10__cxxabiv123__fundamental_type_infoE  cpprt_t.l(lib_rtti_impl.o)
    0x30053af8   0x00000010   Data   RO          744    .constdata__ZTIPKc  cpprt_t.l(lib_rtti_prim.o)
    0x30053b08   0x0000000c   Data   RO         1265    .constdata__ZTISt10bad_typeid  cpprt_t.l(bad_typeid.o)
    0x30053b14   0x0000000c   Data   RO         1090    .constdata__ZTISt13bad_exception  cpprt_t.l(bad_exception_dtor.o)
    0x30053b20   0x0000000c   Data   RO          629    .constdata__ZTISt9bad_alloc  cpprt_t.l(bad_alloc_dtor.o)
    0x30053b2c   0x00000008   Data   RO         1100    .constdata__ZTISt9exception  cpprt_t.l(exception_dtor.o)
    0x30053b34   0x00000008   Data   RO         1110    .constdata__ZTISt9type_info  cpprt_t.l(type_info_dtor.o)
    0x30053b3c   0x00000008   Data   RO          742    .constdata__ZTIc    cpprt_t.l(lib_rtti_prim.o)
    0x30053b44   0x00000008   Data   RO          757    .constdata__ZTIi    cpprt_t.l(lib_rtti_prim.o)
    0x30053b4c   0x00000008   Data   RO          613    .constdata__ZTIv    cpprt_t.l(arm_exceptions_throw.o)
    0x30053b54   0x00000022   Data   RO          725    .constdata__ZTSN10__cxxabiv117__class_type_infoE  cpprt_t.l(lib_rtti_impl.o)
    0x30053b76   0x00000022   Data   RO          728    .constdata__ZTSN10__cxxabiv117__pbase_type_infoE  cpprt_t.l(lib_rtti_impl.o)
    0x30053b98   0x00000024   Data   RO          729    .constdata__ZTSN10__cxxabiv119__pointer_type_infoE  cpprt_t.l(lib_rtti_impl.o)
    0x30053bbc   0x00000025   Data   RO          726    .constdata__ZTSN10__cxxabiv120__si_class_type_infoE  cpprt_t.l(lib_rtti_impl.o)
    0x30053be1   0x00000026   Data   RO          727    .constdata__ZTSN10__cxxabiv121__vmi_class_type_infoE  cpprt_t.l(lib_rtti_impl.o)
    0x30053c07   0x00000028   Data   RO          721    .constdata__ZTSN10__cxxabiv123__fundamental_type_infoE  cpprt_t.l(lib_rtti_impl.o)
    0x30053c2f   0x00000004   Data   RO          794    .constdata__ZTSPKc  cpprt_t.l(lib_rtti_prim.o)
    0x30053c33   0x0000000f   Data   RO         1266    .constdata__ZTSSt10bad_typeid  cpprt_t.l(bad_typeid.o)
    0x30053c42   0x00000012   Data   RO         1091    .constdata__ZTSSt13bad_exception  cpprt_t.l(bad_exception_dtor.o)
    0x30053c54   0x0000000d   Data   RO          630    .constdata__ZTSSt9bad_alloc  cpprt_t.l(bad_alloc_dtor.o)
    0x30053c61   0x0000000d   Data   RO         1101    .constdata__ZTSSt9exception  cpprt_t.l(exception_dtor.o)
    0x30053c6e   0x0000000d   Data   RO         1111    .constdata__ZTSSt9type_info  cpprt_t.l(type_info_dtor.o)
    0x30053c7b   0x00000002   Data   RO          792    .constdata__ZTSc    cpprt_t.l(lib_rtti_prim.o)
    0x30053c7d   0x00000002   Data   RO          807    .constdata__ZTSi    cpprt_t.l(lib_rtti_prim.o)
    0x30053c7f   0x00000002   Data   RO          614    .constdata__ZTSv    cpprt_t.l(arm_exceptions_throw.o)
    0x30053c81   0x00000003   PAD
    0x30053c84   0x00000010   Data   RO          195    .constdata__ZTV11Virtual_LCD  virtual_lcd.o
    0x30053c94   0x00000010   Data   RO          211    .constdata__ZTV11Virtual_RTC  virtual_rtc.o
    0x30053ca4   0x00000014   Data   RO          162    .constdata__ZTV12Virtual_Uart  virtual_uart.o
    0x30053cb8   0x00000010   Data   RO          424    .constdata__ZTV3LCD  lcd.o
    0x30053cc8   0x00000010   Data   RO          442    .constdata__ZTV3RTC  rtc.o
    0x30053cd8   0x00000014   Data   RO          381    .constdata__ZTV4UART  uart.o
    0x30053cec   0x0000000c   Data   RO          141    .constdata__ZTV5Board  board.o
    0x30053cf8   0x0000000c   Data   RO          335    .constdata__ZTV8Mini2440  mini2440.o
    0x30053d04   0x00000010   Data   RO          700    .constdata__ZTVN10__cxxabiv117__class_type_infoE  cpprt_t.l(lib_rtti_impl.o)
    0x30053d14   0x00000010   Data   RO          708    .constdata__ZTVN10__cxxabiv119__pointer_type_infoE  cpprt_t.l(lib_rtti_impl.o)
    0x30053d24   0x00000010   Data   RO          702    .constdata__ZTVN10__cxxabiv120__si_class_type_infoE  cpprt_t.l(lib_rtti_impl.o)
    0x30053d34   0x00000010   Data   RO          692    .constdata__ZTVN10__cxxabiv123__fundamental_type_infoE  cpprt_t.l(lib_rtti_impl.o)
    0x30053d44   0x00000014   Data   RO         1264    .constdata__ZTVSt10bad_typeid  cpprt_t.l(bad_typeid.o)
    0x30053d58   0x00000014   Data   RO         1089    .constdata__ZTVSt13bad_exception  cpprt_t.l(bad_exception_dtor.o)
    0x30053d6c   0x00000014   Data   RO         1099    .constdata__ZTVSt9exception  cpprt_t.l(exception_dtor.o)
    0x30053d80   0x0000001c   Data   RO         1328    locale$$data        c_t.l(lc_numeric_c.o)
    0x30053d9c   0x00000110   Data   RO         1383    locale$$data        c_t.l(lc_ctype_c.o)
    0x30053eac   0x00000008   Data   RO          597    .ARM.exidx          cpprt_t.l(arm_exceptions_cleanup.o)
    0x30053eb4   0x00000008   Data   RO            3    .ARM.exidx          loados.o
    0x30053ebc   0x00000050   Data   RO          101    .ARM.exidx          weidaos.o
    0x30053f0c   0x00000018   Data   RO          119    .ARM.exidx          critical_res.o
    0x30053f24   0x00000008   Data   RO          131    .ARM.exidx          board.o
    0x30053f2c   0x00000008   Data   RO          151    .ARM.exidx          virtual_uart.o
    0x30053f34   0x00000040   Data   RO          181    .ARM.exidx          virtual_lcd.o
    0x30053f74   0x00000008   Data   RO          202    .ARM.exidx          virtual_rtc.o
    0x30053f7c   0x00000028   Data   RO          230    .ARM.exidx          virtual_task.o
    0x30053fa4   0x00000018   Data   RO          250    .ARM.exidx          virtual_memory.o
    0x30053fbc   0x00000010   Data   RO          267    .ARM.exidx          new.o
    0x30053fcc   0x00000008   Data   RO          282    .ARM.exidx          math.o
    0x30053fd4   0x00000010   Data   RO          298    .ARM.exidx          createusertask.o
    0x30053fe4   0x00000010   Data   RO          324    .ARM.exidx          mini2440.o
    0x30053ff4   0x00000008   Data   RO          352    .ARM.exidx          startup_c.o
    0x30053ffc   0x00000010   Data   RO          368    .ARM.exidx          uart.o
    0x3005400c   0x00000010   Data   RO          413    .ARM.exidx          lcd.o
    0x3005401c   0x00000010   Data   RO          431    .ARM.exidx          rtc.o
    0x3005402c   0x00000018   Data   RO          450    .ARM.exidx          touchscreen.o
    0x30054044   0x00000010   Data   RO          466    .ARM.exidx          task.o
    0x30054054   0x00000008   Data   RO          479    .ARM.exidx          memory.o
    0x3005405c   0x00000008   Data   RO          493    .ARM.exidx          iis.o
    0x30054064   0x00000008   Data   RO          533    .ARM.exidx          snake.o
    0x3005406c   0x00000008   Data   RO          585    .ARM.exidx          cpprt_t.l(arm_exceptions_alloc.o)
    0x30054074   0x00000008   Data   RO          592    .ARM.exidx          cpprt_t.l(arm_exceptions_callunex.o)
    0x3005407c   0x00000008   Data   RO          599    .ARM.exidx          cpprt_t.l(arm_exceptions_cleanup.o)
    0x30054084   0x00000008   Data   RO          603    .ARM.exidx          cpprt_t.l(arm_exceptions_endcatch.o)
    0x3005408c   0x00000018   Data   RO          607    .ARM.exidx          cpprt_t.l(arm_exceptions_throw.o)
    0x300540a4   0x00000008   Data   RO         1040    .ARM.exidx          cpprt_t.l(arm_exceptions_bad_typeid.o)
    0x300540ac   0x00000008   Data   RO         1043    .ARM.exidx          cpprt_t.l(arm_exceptions_callterm.o)
    0x300540b4   0x00000008   Data   RO         1058    .ARM.exidx          cpprt_t.l(arm_exceptions_rethrow.o)
    0x300540bc   0x00000008   Data   RO         1061    .ARM.exidx          cpprt_t.l(arm_exceptions_support.o)
    0x300540c4   0x00000010   Data   RO         1071    .ARM.exidx          cpprt_t.l(arm_exceptions_unexpected.o)
    0x300540d4   0x00000008   Data   RO         1184    .ARM.exidx          c_t.l(bsearch.o)
    0x300540dc   0x00000008   Data   RO            4    .ARM.exidx          loados.o
    0x300540e4   0x00000008   Data   RO         1022    .ARM.exidx          cpprt_t.l(rtti.o)
    0x300540ec   0x00000008   Data   RO         1023    .ARM.exidx          cpprt_t.l(rtti.o)
    0x300540f4   0x00000008   Data   RO         1018    .ARM.exidx          cpprt_t.l(rtti.o)
    0x300540fc   0x00000008   Data   RO         1021    .ARM.exidx          cpprt_t.l(rtti.o)
    0x30054104   0x00000008   Data   RO         1019    .ARM.exidx          cpprt_t.l(rtti.o)
    0x3005410c   0x00000008   Data   RO          337    .ARM.exidx          mini2440.o
    0x30054114   0x00000008   Data   RO         1113    .ARM.exidx          cpprt_t.l(type_info_eq.o)
    0x3005411c   0x00000008   Data   RO          578    .ARM.exidx          cpprt_t.l(array_new.o)
    0x30054124   0x00000008   Data   RO         1068    .ARM.exidx          cpprt_t.l(arm_exceptions_terminate.o)
    0x3005412c   0x00000008   Data   RO          616    .ARM.exidx          cpprt_t.l(arm_exceptions_throw.o)
    0x30054134   0x00000008   Data   RO          582    .ARM.exidx          cpprt_t.l(pure_virt.o)
    0x3005413c   0x00000008   Data   RO         1020    .ARM.exidx          cpprt_t.l(rtti.o)
    0x30054144   0x00000008   Data   RO         1024    .ARM.exidx          cpprt_t.l(rtti.o)


    Execution Region ReadWriteAddress (Base: 0x3005414c, Size: 0x00000110, Max: 0xffffffff, ABSOLUTE)

    Base Addr    Size         Type   Attr      Idx    E Section Name        Object

    0x3005414c   0x00000005   Data   RW          106    .data               weidaos.o
    0x30054151   0x00000003   PAD
    0x30054154   0x00000004   Data   RW          152    .data               virtual_uart.o
    0x30054158   0x00000008   Data   RW          184    .data               virtual_lcd.o
    0x30054160   0x0000000a   Data   RW          233    .data               virtual_task.o
    0x3005416a   0x00000001   Data   RW          452    .data               touchscreen.o
    0x3005416b   0x00000001   PAD
    0x3005416c   0x00000058   Data   RW          495    .data               iis.o
    0x300541c4   0x00000014   Data   RW          535    .data               snake.o
    0x300541d8   0x00000004   Data   RW         1351    .data               c_t.l(heapauxa.o)
    0x300541dc   0x00000080   Data   RW          318    Data                startup.o


    Execution Region ZeroInit (Base: 0x3005425c, Size: 0x00000ddc, Max: 0xffffffff, ABSOLUTE)

    Base Addr    Size         Type   Attr      Idx    E Section Name        Object

    0x3005425c   0x00000420   Zero   RW          231    .bss                virtual_task.o
    0x3005467c   0x00000010   Zero   RW          451    .bss                touchscreen.o
    0x3005468c   0x00000018   Zero   RW          494    .bss                iis.o
    0x300546a4   0x00000978   Zero   RW          534    .bss                snake.o
    0x3005501c   0x00000004   Zero   RW         1127    .bss                c_t.l(rt_heap_descriptor.o)
    0x30055020   0x00000004   Zero   RW         1132    .bss                c_t.l(rt_eh_globals_addr.o)
    0x30055024   0x00000014   Zero   RW         1289    .bss                c_t.l(rt_locale.o)


==============================================================================

Image component sizes


      Code (inc. data)   RO Data    RW Data    ZI Data      Debug   Object Name

       436          0          0          0          0        352   2440slib.o
       112          4         20          0          0       1476   board.o
       368          8     243616          0          0       2665   createusertask.o
       584         20         24          0          0       1200   critical_res.o
      1384          8          8         88         24       3636   iis.o
       868         32          0          0          0       1240   key_interup.o
       696         28         48          0          0       2408   lcd.o
        68          0         32          0          0      15865   loados.o
        88          4          8          0          0       1148   math.o
        64          4         24          0          0       1772   memory.o
       444          4        140          0          0       2813   mini2440.o
       676         44          0          0          0       2615   mmu.o
       396         12         52          0          0       2055   new.o
       412         12         32          0          0       2278   rtc.o
      2044         92          8         20       2424       2717   snake.o
       512         60          0        128          0        340   startup.o
       580         24         60          0          0       1767   startup_c.o
       368          4         16          0          0       1944   task.o
       496         20         24          1         16       2466   touchscreen.o
       552          4         52          0          0       2572   uart.o
      3040         20        140          8          0       6144   virtual_lcd.o
      1284         28         44          0          0       5184   virtual_memory.o
        20          4         24          0          0        556   virtual_rtc.o
      1876         32      65576         10       1056       3172   virtual_task.o
         8          0          0          0          0        520   virtual_touchscreen.o
       136          8         28          4          0       3420   virtual_uart.o
      1360         32        120          5          0       5748   weidaos.o

    ----------------------------------------------------------------------
     18956        532     310096        268       3520      78073   Object Totals
        84         24          0          0          0          0   (incl. Generated)
         0          0          0          4          0          0   (incl. Padding)

    ----------------------------------------------------------------------

      Code (inc. data)   RO Data    RW Data    ZI Data      Debug   Library Member Name

       412          4         17          0          0         92   __printf_flags_ss_wp.o
        14          0          0          0          0         60   __printf_wp.o
         8          0          0          0          0          0   _printf_a.o
         8          0          0          0          0          0   _printf_c.o
        58          0          0          0          0        112   _printf_char.o
        48          4          0          0          0         96   _printf_char_common.o
        48          0          0          0          0         60   _printf_charcount.o
         8          0          0          0          0          0   _printf_d.o
       120         18          0          0          0         88   _printf_dec.o
         8          0          0          0          0          0   _printf_e.o
         8          0          0          0          0          0   _printf_f.o
      1056         14          0          0          0        188   _printf_fp_dec.o
       144         16          0          0          0         88   _printf_fp_infnan.o
         8          0          0          0          0          0   _printf_g.o
       168          4         40          0          0        176   _printf_hex_int_ll_ptr.o
         8          0          0          0          0          0   _printf_i.o
       186          0          0          0          0         96   _printf_intcommon.o
        12          0          0          0          0          0   _printf_l.o
         8          0          0          0          0          0   _printf_lc.o
        12          0          0          0          0          0   _printf_ll.o
         8          0          0          0          0          0   _printf_lld.o
         8          0          0          0          0          0   _printf_lli.o
         8          0          0          0          0          0   _printf_llo.o
         8          0          0          0          0          0   _printf_llu.o
         8          0          0          0          0          0   _printf_llx.o
       124         18          0          0          0         88   _printf_longlong_dec.o
         8          0          0          0          0          0   _printf_ls.o
         8          0          0          0          0          0   _printf_n.o
         8          0          0          0          0          0   _printf_o.o
       128         10          0          0          0        136   _printf_oct_int_ll.o
         8          0          0          0          0          0   _printf_p.o
        86          0          0          0          0        116   _printf_pad.o
         4          0          0          0          0          0   _printf_percent.o
         8          0          0          0          0          0   _printf_percent_end.o
         8          0          0          0          0          0   _printf_s.o
        88          0          0          0          0         84   _printf_str.o
        44          0          0          0          0         76   _printf_truncate.o
         8          0          0          0          0          0   _printf_u.o
        58          0          0          0          0        112   _printf_wchar.o
       192          4          8          0          0         96   _printf_wctomb.o
         8          0          0          0          0          0   _printf_x.o
        10          0          0          0          0         60   _sputc.o
        76          0          0          0          0        148   _wcrtomb.o
        16          0          0          0          0         64   abort.o
       424          0          0          0          0        148   aeabi_sdiv.o
       216          6        148          0          0         96   bigflt0.o
        88          0          8          0          0        156   bsearch.o
      2040        128          0          0          0        696   btod.o
        48          4          0          0          0         80   c89vsprintf.o
        52         34          0          0          0         80   defsig_abrt_inner.o
        16          0          0          0          0         80   defsig_abrt_outer.o
        16          0          0          0          0         80   defsig_exit.o
        56          0          0          0          0         84   defsig_general.o
        52         34          0          0          0         80   defsig_pvfn_inner.o
        16          0          0          0          0         80   defsig_pvfn_outer.o
        84         58          0          0          0         80   defsig_rtmem_inner.o
        16          0          0          0          0         80   defsig_rtmem_outer.o
       110          0          0          0          0        116   h1_alloc.o
        56          0          0          0          0         80   h1_extend.o
        84          0          0          0          0        100   h1_free.o
        14          0          0          0          0         76   h1_init.o
        84          6          0          4          0         92   heapauxa.o
         4          0          0          0          0        120   hguard.o
         0          0          0          0          0          0   indicate_semi.o
       148          0          0          0          0        192   init_alloc.o
        80          8        272          0          0         92   lc_ctype_c.o
        80          8         28          0          0         92   lc_numeric_c.o
         0          0          0          0          0          0   libinit2.o
       164          0          0          0          0         96   lludiv10.o
         0          0          0          0          0          0   maybetermalloc1.o
        28          4          0          0          0         84   rt_ctype_table.o
        16          4          0          0          4         68   rt_eh_globals_addr.o
        16          4          0          0          4         68   rt_heap_descriptor.o
        16          4          0          0         20         68   rt_locale.o
       104          0          0          0          0         80   rt_memcpy_w.o
        48          0          0          0          0         68   rtudiv10.o
       160          4          0          0          0         80   strcmp.o
        12          4          0          0          0         60   sys_exit.o
        16          0          0          0          0         76   sys_wrch.o
         4          0          0          0          0         68   unwind_activity.o
        14          0          0          0          0         60   unwind_delete.o
        14          0          0          0          0         80   unwind_pr0.o
        14          0          0          0          0         80   unwind_pr1.o
      1572         16          0          0          0        116   unwind_prcommon.o
      1260         40          0          0          0        508   unwinder.o
         4          0          0          0          0         68   use_no_semi.o
       100         12          8          0          0         84   arm_exceptions_alloc.o
        48         10          8          0          0         72   arm_exceptions_bad_typeid.o
        88          0          0          0          0         84   arm_exceptions_begincatch.o
        70          0          8          0          0        120   arm_exceptions_callterm.o
       236          8         64          0          0         96   arm_exceptions_callunex.o
       174          0         16          0          0        180   arm_exceptions_cleanup.o
        86          0          8          0          0         84   arm_exceptions_endcatch.o
        64          0          0          0          0         88   arm_exceptions_foreign.o
        34          0          0          0          0         80   arm_exceptions_free.o
        88         14          0          0          0        108   arm_exceptions_globs.o
        70          0          0          0          0        112   arm_exceptions_mem.o
        80          0          8          0          0         72   arm_exceptions_rethrow.o
        48          6         20          0          0         96   arm_exceptions_support.o
        34          0          8          0          0        128   arm_exceptions_terminate.o
       492         22         70          0          0        308   arm_exceptions_throw.o
        44          0         16          0          0        104   arm_exceptions_unexpected.o
        20          0         28          0          0         80   array_new.o
         0          0         25          0          0          0   bad_alloc_dtor.o
        20          4          0          0          0         80   bad_exception_cctor.o
        20          4          0          0          0         80   bad_exception_ctor.o
        28          0         50          0          0        160   bad_exception_dtor.o
        68          8         47          0          0        320   bad_typeid.o
        12          6          0          0          0         60   exception_cctor.o
        12          6          0          0          0         60   exception_ctor.o
         0          0         41          0          0          0   exception_dtor.o
         0          0        355          0          0          0   lib_rtti_impl.o
         0          0         40          0          0          0   lib_rtti_prim.o
        14          0          8          0          0         80   pure_virt.o
      1274         44         56          0          0        708   rtti.o
         0          0         21          0          0          0   type_info_dtor.o
        36          0          8          0          0         88   type_info_eq.o
        36          0          0          0          0         88   type_info_ne.o
        12          0          0          0          0         68   istatus.o
         4          0          0          0          0         68   printf1.o
         0          0          0          0          0          0   usenofp.o
        52          0          0          0          0         68   fpclassify.o

    ----------------------------------------------------------------------
     13904        602       1440          4         28      10368   Library Totals
        22          0          6          0          0          0   (incl. Padding)

    ----------------------------------------------------------------------

      Code (inc. data)   RO Data    RW Data    ZI Data      Debug   Library Name

     10518        458        521          4         28       6544   c_t.l
      3296        144        913          0          0       3620   cpprt_t.l
        16          0          0          0          0        136   fz_ts.l
        52          0          0          0          0         68   m_ts.l

    ----------------------------------------------------------------------
     13904        602       1440          4         28      10368   Library Totals

    ----------------------------------------------------------------------

==============================================================================


      Code (inc. data)   RO Data    RW Data    ZI Data      Debug   

     32860       1134     311536        272       3548      81033   Grand Totals
     32860       1134     311536        272       3548      81033   ELF Image Totals
     32860       1134     311536        272          0          0   ROM Totals

==============================================================================

    Total RO  Size (Code + RO Data)               344396 ( 336.32kB)
    Total RW  Size (RW Data + ZI Data)              3820 (   3.73kB)
    Total ROM Size (Code + RO Data + RW Data)     344668 ( 336.59kB)

==============================================================================

